880ms  resuming with 0 done keys
880ms  === stage A: transitive groups of degree 10 ===
883ms  emitted A:1  t=5  tag=0
887ms  emitted A:2  t=7  tag=0
899ms  emitted A:3  t=5  tag=2
903ms  emitted A:4  t=4  tag=0
924ms  emitted A:5  t=3  tag=2
960ms  emitted A:6  t=3  tag=0
966ms  emitted A:8  t=3  tag=0
983ms  emitted A:9  t=3  tag=2
988ms  emitted A:10  t=3  tag=0
1005ms  emitted A:14  t=3  tag=0
1016ms  emitted A:15  t=3  tag=2
1025ms  emitted A:16  t=3  tag=2
1055ms  emitted A:17  t=2  tag=2
1061ms  emitted A:18  t=2  tag=0
1080ms  emitted A:19  t=2  tag=2
1102ms  emitted A:20  t=2  tag=2
1121ms  emitted A:21  t=3  tag=2
1159ms  emitted A:23  t=3  tag=2
1171ms  emitted A:24  t=2  tag=2
1187ms  emitted A:25  t=2  tag=2
1254ms  emitted A:27  t=2  tag=2
1292ms  emitted A:28  t=2  tag=2
1329ms  emitted A:29  t=2  tag=2
1396ms  emitted A:33  t=2  tag=2
1630ms  stage A complete
1630ms  === stage B: direct products over partitions ===
1653ms  emitted B:3+3+2+2:1.1.1.1  t=10  tag=2
1749ms  emitted B:3+3+2+2:1.2.1.1  t=10  tag=2
1846ms  emitted B:3+3+2+2:2.1.1.1  t=10  tag=2
2241ms  emitted B:3+3+2+2:2.2.1.1  t=10  tag=2
2241ms  stage B partition 3+3+2+2 done
2242ms  emitted B:3+3+3+1:1.1.1.1  t=9  tag=P3
2250ms  emitted B:3+3+3+1:1.1.2.1  t=9  tag=0
2259ms  emitted B:3+3+3+1:1.2.1.1  t=9  tag=0
2308ms  emitted B:3+3+3+1:1.2.2.1  t=9  tag=2
2316ms  emitted B:3+3+3+1:2.1.1.1  t=9  tag=0
2366ms  emitted B:3+3+3+1:2.1.2.1  t=9  tag=2
2421ms  emitted B:3+3+3+1:2.2.1.1  t=9  tag=2
2562ms  emitted B:3+3+3+1:2.2.2.1  t=9  tag=2
2562ms  stage B partition 3+3+3+1 done
2563ms  emitted B:4+2+2+2:1.1.1.1  t=11  tag=P2
2563ms  emitted B:4+2+2+2:2.1.1.1  t=12  tag=P2
2564ms  emitted B:4+2+2+2:3.1.1.1  t=11  tag=P2
2583ms  emitted B:4+2+2+2:4.1.1.1  t=10  tag=0
2921ms  emitted B:4+2+2+2:5.1.1.1  t=10  tag=2
2921ms  stage B partition 4+2+2+2 done
2927ms  emitted B:4+3+2+1:1.1.1.1  t=10  tag=0
3007ms  emitted B:4+3+2+1:1.2.1.1  t=10  tag=2
3012ms  emitted B:4+3+2+1:2.1.1.1  t=11  tag=0
3211ms  emitted B:4+3+2+1:2.2.1.1  t=11  tag=2
3220ms  emitted B:4+3+2+1:3.1.1.1  t=10  tag=0
3507ms  emitted B:4+3+2+1:3.2.1.1  t=10  tag=2
3538ms  emitted B:4+3+2+1:4.1.1.1  t=9  tag=3
3812ms  stage B partition 4+3+2+1 done
3819ms  emitted B:4+3+3:1.1.1  t=7  tag=0
3871ms  emitted B:4+3+3:1.1.2  t=7  tag=2
3925ms  emitted B:4+3+3:1.2.1  t=7  tag=2
4093ms  emitted B:4+3+3:1.2.2  t=7  tag=2
4112ms  emitted B:4+3+3:2.1.1  t=8  tag=2
4210ms  emitted B:4+3+3:2.1.2  t=8  tag=2
4312ms  emitted B:4+3+3:2.2.1  t=8  tag=2
4732ms  emitted B:4+3+3:2.2.2  t=8  tag=2
4762ms  emitted B:4+3+3:3.1.1  t=7  tag=2
4906ms  emitted B:4+3+3:3.1.2  t=7  tag=2
5067ms  emitted B:4+3+3:3.2.1  t=7  tag=2
5704ms  emitted B:4+3+3:3.2.2  t=7  tag=2
5774ms  emitted B:4+3+3:4.1.1  t=6  tag=3
6548ms  stage B partition 4+3+3 done
6548ms  emitted B:4+4+1+1:1.1.1.1  t=10  tag=P2
6548ms  emitted B:4+4+1+1:1.2.1.1  t=11  tag=P2
6549ms  emitted B:4+4+1+1:1.3.1.1  t=10  tag=P2
6556ms  emitted B:4+4+1+1:1.4.1.1  t=9  tag=0
6592ms  emitted B:4+4+1+1:1.5.1.1  t=9  tag=2
6592ms  emitted B:4+4+1+1:2.1.1.1  t=11  tag=P2
6593ms  emitted B:4+4+1+1:2.2.1.1  t=12  tag=P2
6593ms  emitted B:4+4+1+1:2.3.1.1  t=11  tag=P2
6601ms  emitted B:4+4+1+1:2.4.1.1  t=10  tag=0
6666ms  emitted B:4+4+1+1:2.5.1.1  t=10  tag=2
6667ms  emitted B:4+4+1+1:3.1.1.1  t=10  tag=P2
6667ms  emitted B:4+4+1+1:3.2.1.1  t=11  tag=P2
6667ms  emitted B:4+4+1+1:3.3.1.1  t=10  tag=P2
6678ms  emitted B:4+4+1+1:3.4.1.1  t=9  tag=0
6805ms  emitted B:4+4+1+1:3.5.1.1  t=9  tag=2
6812ms  emitted B:4+4+1+1:4.1.1.1  t=9  tag=0
6822ms  emitted B:4+4+1+1:4.2.1.1  t=10  tag=0
6833ms  emitted B:4+4+1+1:4.3.1.1  t=9  tag=0
6858ms  emitted B:4+4+1+1:4.4.1.1  t=8  tag=3
6926ms  emitted B:4+4+1+1:5.1.1.1  t=9  tag=2
6988ms  emitted B:4+4+1+1:5.2.1.1  t=10  tag=2
7078ms  emitted B:4+4+1+1:5.3.1.1  t=9  tag=2
7179ms  stage B partition 4+4+1+1 done
7180ms  emitted B:4+4+2:1.1.1  t=8  tag=P2
7180ms  emitted B:4+4+2:1.2.1  t=9  tag=P2
7180ms  emitted B:4+4+2:1.3.1  t=8  tag=P2
7193ms  emitted B:4+4+2:1.4.1  t=7  tag=0
7324ms  emitted B:4+4+2:1.5.1  t=7  tag=2
7325ms  emitted B:4+4+2:2.1.1  t=9  tag=P2
7325ms  emitted B:4+4+2:2.2.1  t=10  tag=P2
7325ms  emitted B:4+4+2:2.3.1  t=9  tag=P2
7342ms  emitted B:4+4+2:2.4.1  t=8  tag=0
7690ms  emitted B:4+4+2:2.5.1  t=8  tag=2
7691ms  emitted B:4+4+2:3.1.1  t=8  tag=P2
7691ms  emitted B:4+4+2:3.2.1  t=9  tag=P2
7691ms  emitted B:4+4+2:3.3.1  t=8  tag=P2
7715ms  emitted B:4+4+2:3.4.1  t=7  tag=0
8138ms  emitted B:4+4+2:3.5.1  t=7  tag=2
8152ms  emitted B:4+4+2:4.1.1  t=7  tag=0
8169ms  emitted B:4+4+2:4.2.1  t=8  tag=0
8198ms  emitted B:4+4+2:4.3.1  t=7  tag=0
8263ms  emitted B:4+4+2:4.4.1  t=6  tag=3
8526ms  emitted B:4+4+2:5.1.1  t=7  tag=2
8819ms  emitted B:4+4+2:5.2.1  t=8  tag=2
9293ms  emitted B:4+4+2:5.3.1  t=7  tag=2
9607ms  stage B partition 4+4+2 done
9611ms  emitted B:5+2+2+1:1.1.1.1  t=10  tag=0
9650ms  emitted B:5+2+2+1:2.1.1.1  t=10  tag=2
9729ms  emitted B:5+2+2+1:3.1.1.1  t=9  tag=2
9849ms  stage B partition 5+2+2+1 done
9850ms  emitted B:5+3+1+1:1.1.1.1  t=9  tag=0
9856ms  emitted B:5+3+1+1:1.2.1.1  t=9  tag=0
9860ms  emitted B:5+3+1+1:2.1.1.1  t=9  tag=0
9883ms  emitted B:5+3+1+1:2.2.1.1  t=9  tag=2
9889ms  emitted B:5+3+1+1:3.1.1.1  t=8  tag=0
9931ms  emitted B:5+3+1+1:3.2.1.1  t=8  tag=2
10009ms  stage B partition 5+3+1+1 done
10012ms  emitted B:5+3+2:1.1.1  t=7  tag=0
10038ms  emitted B:5+3+2:1.2.1  t=7  tag=2
10064ms  emitted B:5+3+2:2.1.1  t=7  tag=2
10149ms  emitted B:5+3+2:2.2.1  t=7  tag=2
10198ms  emitted B:5+3+2:3.1.1  t=6  tag=2
10353ms  emitted B:5+3+2:3.2.1  t=6  tag=2
10704ms  stage B partition 5+3+2 done
10706ms  emitted B:5+4+1:1.1.1  t=7  tag=0
10708ms  emitted B:5+4+1:1.2.1  t=8  tag=0
10712ms  emitted B:5+4+1:1.3.1  t=7  tag=0
10718ms  emitted B:5+4+1:1.4.1  t=6  tag=0
10737ms  emitted B:5+4+1:1.5.1  t=6  tag=2
10758ms  emitted B:5+4+1:2.1.1  t=7  tag=2
10794ms  emitted B:5+4+1:2.2.1  t=8  tag=2
10851ms  emitted B:5+4+1:2.3.1  t=7  tag=2
10871ms  emitted B:5+4+1:2.4.1  t=6  tag=2
10915ms  emitted B:5+4+1:2.5.1  t=6  tag=2
10957ms  emitted B:5+4+1:3.1.1  t=6  tag=2
11032ms  emitted B:5+4+1:3.2.1  t=7  tag=2
11149ms  emitted B:5+4+1:3.3.1  t=6  tag=2
11184ms  emitted B:5+4+1:3.4.1  t=5  tag=2
11294ms  emitted B:5+4+1:3.5.1  t=5  tag=2
11829ms  stage B partition 5+4+1 done
11830ms  emitted B:5+5:1.1  t=5  tag=P5
11836ms  emitted B:5+5:1.2  t=5  tag=0
11844ms  emitted B:5+5:1.3  t=4  tag=0
11866ms  emitted B:5+5:2.1  t=5  tag=0
11889ms  emitted B:5+5:2.2  t=5  tag=2
11976ms  emitted B:5+5:2.3  t=4  tag=2
12029ms  emitted B:5+5:3.1  t=4  tag=0
12066ms  emitted B:5+5:3.2  t=4  tag=2
12147ms  emitted B:5+5:3.3  t=3  tag=2
12542ms  stage B partition 5+5 done
12545ms  emitted B:6+2+1+1:1.1.1.1  t=10  tag=0
12555ms  emitted B:6+2+1+1:2.1.1.1  t=11  tag=2
12594ms  emitted B:6+2+1+1:3.1.1.1  t=10  tag=2
12600ms  emitted B:6+2+1+1:4.1.1.1  t=9  tag=0
12621ms  emitted B:6+2+1+1:5.1.1.1  t=9  tag=2
12628ms  emitted B:6+2+1+1:6.1.1.1  t=9  tag=0
12649ms  emitted B:6+2+1+1:7.1.1.1  t=9  tag=2
12669ms  emitted B:6+2+1+1:8.1.1.1  t=9  tag=2
12736ms  emitted B:6+2+1+1:9.1.1.1  t=9  tag=2
12763ms  emitted B:6+2+1+1:10.1.1.1  t=9  tag=2
12824ms  emitted B:6+2+1+1:11.1.1.1  t=9  tag=2
13344ms  emitted B:6+2+1+1:13.1.1.1  t=9  tag=2
13384ms  stage B partition 6+2+1+1 done
13392ms  emitted B:6+2+2:1.1.1  t=8  tag=0
13435ms  emitted B:6+2+2:2.1.1  t=9  tag=2
13686ms  emitted B:6+2+2:3.1.1  t=8  tag=2
13697ms  emitted B:6+2+2:4.1.1  t=7  tag=0
13785ms  emitted B:6+2+2:5.1.1  t=7  tag=2
13801ms  emitted B:6+2+2:6.1.1  t=7  tag=0
13869ms  emitted B:6+2+2:7.1.1  t=7  tag=2
13937ms  emitted B:6+2+2:8.1.1  t=7  tag=2
14279ms  emitted B:6+2+2:9.1.1  t=7  tag=2
14429ms  emitted B:6+2+2:10.1.1  t=7  tag=2
14737ms  emitted B:6+2+2:11.1.1  t=7  tag=2
15187ms  emitted B:6+2+2:13.1.1  t=7  tag=2
15341ms  stage B partition 6+2+2 done
15344ms  emitted B:6+3+1:1.1.1  t=7  tag=0
15370ms  emitted B:6+3+1:1.2.1  t=7  tag=2
15375ms  emitted B:6+3+1:2.1.1  t=8  tag=0
15397ms  emitted B:6+3+1:2.2.1  t=8  tag=2
15422ms  emitted B:6+3+1:3.1.1  t=7  tag=2
15503ms  emitted B:6+3+1:3.2.1  t=7  tag=2
15516ms  emitted B:6+3+1:4.1.1  t=6  tag=3
15545ms  emitted B:6+3+1:5.1.1  t=6  tag=0
15593ms  emitted B:6+3+1:5.2.1  t=6  tag=2
15618ms  emitted B:6+3+1:6.1.1  t=6  tag=3
15850ms  emitted B:6+3+1:9.1.1  t=6  tag=2
16012ms  emitted B:6+3+1:9.2.1  t=6  tag=2
16021ms  emitted B:6+3+1:10.1.1  t=6  tag=0
16069ms  emitted B:6+3+1:10.2.1  t=6  tag=2
16322ms  emitted B:6+3+1:13.1.1  t=6  tag=2
16456ms  emitted B:6+3+1:13.2.1  t=6  tag=2
16630ms  stage B partition 6+3+1 done
16635ms  emitted B:6+4:1.1  t=6  tag=0
16643ms  emitted B:6+4:1.2  t=7  tag=0
16656ms  emitted B:6+4:1.3  t=6  tag=0
16730ms  emitted B:6+4:1.4  t=5  tag=3
16805ms  emitted B:6+4:2.1  t=7  tag=2
16847ms  emitted B:6+4:2.2  t=8  tag=2
16912ms  emitted B:6+4:2.3  t=7  tag=2
17073ms  emitted B:6+4:3.1  t=6  tag=2
17302ms  emitted B:6+4:3.2  t=7  tag=2
17683ms  emitted B:6+4:3.3  t=6  tag=2
17901ms  emitted B:6+4:4.1  t=5  tag=0
17909ms  emitted B:6+4:4.2  t=6  tag=0
17921ms  emitted B:6+4:4.3  t=5  tag=0
17948ms  emitted B:6+4:4.4  t=4  tag=3
18034ms  emitted B:6+4:5.1  t=5  tag=2
18126ms  emitted B:6+4:5.2  t=6  tag=2
18269ms  emitted B:6+4:5.3  t=5  tag=2
18485ms  emitted B:6+4:6.1  t=5  tag=0
18499ms  emitted B:6+4:6.2  t=6  tag=0
18523ms  emitted B:6+4:6.3  t=5  tag=0
18578ms  emitted B:6+4:6.4  t=4  tag=3
18708ms  emitted B:6+4:7.1  t=5  tag=2
18774ms  emitted B:6+4:7.2  t=6  tag=2
18884ms  emitted B:6+4:7.3  t=5  tag=2
19046ms  emitted B:6+4:8.1  t=5  tag=2
19154ms  emitted B:6+4:8.2  t=6  tag=2
19249ms  emitted B:6+4:8.3  t=5  tag=2
19497ms  emitted B:6+4:9.1  t=5  tag=2
19842ms  emitted B:6+4:9.2  t=6  tag=2
20415ms  emitted B:6+4:9.3  t=5  tag=2
20926ms  emitted B:6+4:10.1  t=5  tag=2
21042ms  emitted B:6+4:10.2  t=6  tag=2
21215ms  emitted B:6+4:10.3  t=5  tag=2
21569ms  emitted B:6+4:11.1  t=5  tag=2
21878ms  emitted B:6+4:11.2  t=6  tag=2
22373ms  emitted B:6+4:11.3  t=5  tag=2
23090ms  emitted B:6+4:13.1  t=5  tag=2
23517ms  emitted B:6+4:13.2  t=6  tag=2
24107ms  emitted B:6+4:13.3  t=5  tag=2
25562ms  stage B partition 6+4 done
25562ms  emitted B:7+1+1+1:1.1.1.1  t=9  tag=P7
25565ms  emitted B:7+1+1+1:2.1.1.1  t=9  tag=0
25568ms  emitted B:7+1+1+1:3.1.1.1  t=7  tag=0
25572ms  emitted B:7+1+1+1:4.1.1.1  t=7  tag=0
25585ms  stage B partition 7+1+1+1 done
25587ms  emitted B:7+2+1:1.1.1  t=7  tag=0
25601ms  emitted B:7+2+1:2.1.1  t=7  tag=2
25607ms  emitted B:7+2+1:3.1.1  t=5  tag=0
25636ms  emitted B:7+2+1:4.1.1  t=5  tag=2
25729ms  stage B partition 7+2+1 done
25731ms  emitted B:7+3:1.1  t=5  tag=0
25736ms  emitted B:7+3:1.2  t=5  tag=0
25741ms  emitted B:7+3:2.1  t=5  tag=0
25764ms  emitted B:7+3:2.2  t=5  tag=2
25775ms  emitted B:7+3:3.1  t=3  tag=3
25793ms  emitted B:7+3:3.2  t=3  tag=3
25821ms  emitted B:7+3:4.1  t=3  tag=3
26047ms  stage B partition 7+3 done
26047ms  emitted B:8+1+1:1.1.1  t=7  tag=P2
26048ms  emitted B:8+1+1:2.1.1  t=8  tag=P2
26048ms  emitted B:8+1+1:3.1.1  t=10  tag=P2
26048ms  emitted B:8+1+1:4.1.1  t=9  tag=P2
26049ms  emitted B:8+1+1:5.1.1  t=7  tag=P2
26049ms  emitted B:8+1+1:6.1.1  t=7  tag=P2
26049ms  emitted B:8+1+1:7.1.1  t=6  tag=P2
26049ms  emitted B:8+1+1:8.1.1  t=6  tag=P2
26050ms  emitted B:8+1+1:9.1.1  t=8  tag=P2
26050ms  emitted B:8+1+1:10.1.1  t=7  tag=P2
26050ms  emitted B:8+1+1:11.1.1  t=7  tag=P2
26055ms  emitted B:8+1+1:12.1.1  t=5  tag=0
26060ms  emitted B:8+1+1:13.1.1  t=6  tag=0
26068ms  emitted B:8+1+1:14.1.1  t=6  tag=2
26068ms  emitted B:8+1+1:15.1.1  t=6  tag=P2
26068ms  emitted B:8+1+1:16.1.1  t=6  tag=P2
26069ms  emitted B:8+1+1:17.1.1  t=6  tag=P2
26069ms  emitted B:8+1+1:18.1.1  t=7  tag=P2
26069ms  emitted B:8+1+1:19.1.1  t=6  tag=P2
26069ms  emitted B:8+1+1:20.1.1  t=6  tag=P2
26070ms  emitted B:8+1+1:21.1.1  t=7  tag=P2
26070ms  emitted B:8+1+1:22.1.1  t=7  tag=P2
26082ms  emitted B:8+1+1:23.1.1  t=5  tag=2
26103ms  emitted B:8+1+1:24.1.1  t=6  tag=2
26106ms  emitted B:8+1+1:25.1.1  t=4  tag=0
26106ms  emitted B:8+1+1:26.1.1  t=6  tag=P2
26107ms  emitted B:8+1+1:27.1.1  t=6  tag=P2
26107ms  emitted B:8+1+1:28.1.1  t=6  tag=P2
26107ms  emitted B:8+1+1:29.1.1  t=6  tag=P2
26108ms  emitted B:8+1+1:30.1.1  t=6  tag=P2
26108ms  emitted B:8+1+1:31.1.1  t=7  tag=P2
26116ms  emitted B:8+1+1:32.1.1  t=5  tag=0
26123ms  emitted B:8+1+1:33.1.1  t=5  tag=0
26136ms  emitted B:8+1+1:34.1.1  t=5  tag=2
26137ms  emitted B:8+1+1:35.1.1  t=6  tag=P2
26144ms  emitted B:8+1+1:36.1.1  t=4  tag=3
26156ms  emitted B:8+1+1:38.1.1  t=5  tag=0
26173ms  emitted B:8+1+1:39.1.1  t=5  tag=2
26189ms  emitted B:8+1+1:40.1.1  t=5  tag=2
26215ms  emitted B:8+1+1:41.1.1  t=5  tag=2
26276ms  emitted B:8+1+1:44.1.1  t=5  tag=2
26483ms  stage B partition 8+1+1 done
26484ms  emitted B:8+2:1.1  t=6  tag=P2
26484ms  emitted B:8+2:2.1  t=7  tag=P2
26484ms  emitted B:8+2:3.1  t=9  tag=P2
26485ms  emitted B:8+2:4.1  t=8  tag=P2
26485ms  emitted B:8+2:5.1  t=6  tag=P2
26485ms  emitted B:8+2:6.1  t=6  tag=P2
26486ms  emitted B:8+2:7.1  t=5  tag=P2
26486ms  emitted B:8+2:8.1  t=5  tag=P2
26486ms  emitted B:8+2:9.1  t=7  tag=P2
26487ms  emitted B:8+2:10.1  t=6  tag=P2
26487ms  emitted B:8+2:11.1  t=6  tag=P2
26495ms  emitted B:8+2:12.1  t=4  tag=0
26503ms  emitted B:8+2:13.1  t=5  tag=0
26525ms  emitted B:8+2:14.1  t=5  tag=2
26526ms  emitted B:8+2:15.1  t=5  tag=P2
26526ms  emitted B:8+2:16.1  t=5  tag=P2
26526ms  emitted B:8+2:17.1  t=5  tag=P2
26527ms  emitted B:8+2:18.1  t=6  tag=P2
26527ms  emitted B:8+2:19.1  t=5  tag=P2
26528ms  emitted B:8+2:20.1  t=5  tag=P2
26528ms  emitted B:8+2:21.1  t=6  tag=P2
26528ms  emitted B:8+2:22.1  t=6  tag=P2
26556ms  emitted B:8+2:23.1  t=4  tag=2
26616ms  emitted B:8+2:24.1  t=5  tag=2
26622ms  emitted B:8+2:25.1  t=3  tag=0
26622ms  emitted B:8+2:26.1  t=5  tag=P2
26623ms  emitted B:8+2:27.1  t=5  tag=P2
26623ms  emitted B:8+2:28.1  t=5  tag=P2
26623ms  emitted B:8+2:29.1  t=5  tag=P2
26624ms  emitted B:8+2:30.1  t=5  tag=P2
26626ms  emitted B:8+2:31.1  t=6  tag=P2
26638ms  emitted B:8+2:32.1  t=4  tag=0
26651ms  emitted B:8+2:33.1  t=4  tag=0
26681ms  emitted B:8+2:34.1  t=4  tag=2
26681ms  emitted B:8+2:35.1  t=5  tag=P2
26697ms  emitted B:8+2:36.1  t=3  tag=3
26732ms  emitted B:8+2:38.1  t=4  tag=0
26772ms  emitted B:8+2:39.1  t=4  tag=2
26812ms  emitted B:8+2:40.1  t=4  tag=2
26900ms  emitted B:8+2:41.1  t=4  tag=2
27110ms  emitted B:8+2:44.1  t=4  tag=2
27628ms  stage B partition 8+2 done
27629ms  emitted B:9+1:1.1  t=5  tag=P3
27629ms  emitted B:9+1:2.1  t=5  tag=P3
27633ms  emitted B:9+1:3.1  t=5  tag=0
27637ms  emitted B:9+1:4.1  t=4  tag=0
27643ms  emitted B:9+1:5.1  t=5  tag=0
27643ms  emitted B:9+1:6.1  t=3  tag=P3
27644ms  emitted B:9+1:7.1  t=3  tag=P3
27664ms  emitted B:9+1:8.1  t=4  tag=2
27668ms  emitted B:9+1:9.1  t=3  tag=0
27673ms  emitted B:9+1:10.1  t=3  tag=0
27679ms  emitted B:9+1:11.1  t=3  tag=0
27685ms  emitted B:9+1:12.1  t=3  tag=0
27690ms  emitted B:9+1:13.1  t=3  tag=0
27707ms  emitted B:9+1:14.1  t=2  tag=2
27715ms  emitted B:9+1:15.1  t=2  tag=0
27732ms  emitted B:9+1:16.1  t=3  tag=2
27732ms  emitted B:9+1:17.1  t=3  tag=P3
27758ms  emitted B:9+1:18.1  t=3  tag=2
27779ms  emitted B:9+1:19.1  t=2  tag=2
27787ms  emitted B:9+1:20.1  t=3  tag=0
27795ms  emitted B:9+1:21.1  t=3  tag=0
27805ms  emitted B:9+1:22.1  t=3  tag=0
27851ms  emitted B:9+1:24.1  t=3  tag=2
28087ms  stage B partition 9+1 done
28087ms  stage B complete
28087ms  === stage B2: imprimitive wreath products ===
28092ms  emitted B2:2x5:1.1  t=3  tag=0
28117ms  emitted B2:2x5:1.2  t=3  tag=2
28157ms  emitted B2:2x5:1.3  t=2  tag=2
28274ms  emitted B2:5x2:1.1  t=3  tag=0
28298ms  emitted B2:5x2:2.1  t=3  tag=2
28360ms  emitted B2:5x2:3.1  t=2  tag=2
28399ms  stage B2 complete
28399ms  === stage C: p-subgroups of Sylow subgroups ===
28399ms  Sylow_2 order 256; computing subgroup classes (may take a while for p=2)
29595ms    978 classes
29610ms  emitted C:2:150  t=7  tag=P2
29610ms  emitted C:2:151  t=8  tag=P2
29610ms  emitted C:2:153  t=8  tag=P2
29611ms  emitted C:2:160  t=12  tag=P2
29611ms  emitted C:2:161  t=11  tag=P2
29611ms  emitted C:2:162  t=11  tag=P2
29611ms  emitted C:2:163  t=11  tag=P2
29611ms  emitted C:2:165  t=11  tag=P2
29613ms  emitted C:2:166  t=11  tag=P2
29613ms  emitted C:2:167  t=9  tag=P2
29614ms  emitted C:2:168  t=10  tag=P2
29614ms  emitted C:2:169  t=10  tag=P2
29614ms  emitted C:2:170  t=10  tag=P2
29614ms  emitted C:2:171  t=10  tag=P2
29615ms  emitted C:2:176  t=12  tag=P2
29615ms  emitted C:2:177  t=12  tag=P2
29615ms  emitted C:2:178  t=12  tag=P2
29615ms  emitted C:2:181  t=12  tag=P2
29615ms  emitted C:2:182  t=11  tag=P2
29616ms  emitted C:2:185  t=11  tag=P2
29616ms  emitted C:2:186  t=11  tag=P2
29616ms  emitted C:2:187  t=12  tag=P2
29616ms  emitted C:2:188  t=10  tag=P2
29616ms  emitted C:2:189  t=10  tag=P2
29616ms  emitted C:2:190  t=12  tag=P2
29616ms  emitted C:2:192  t=11  tag=P2
29617ms  emitted C:2:193  t=12  tag=P2
29617ms  emitted C:2:195  t=12  tag=P2
29617ms  emitted C:2:196  t=12  tag=P2
29617ms  emitted C:2:197  t=12  tag=P2
29618ms  emitted C:2:200  t=10  tag=P2
29618ms  emitted C:2:201  t=9  tag=P2
29618ms  emitted C:2:202  t=9  tag=P2
29618ms  emitted C:2:203  t=8  tag=P2
29618ms  emitted C:2:204  t=9  tag=P2
29618ms  emitted C:2:205  t=8  tag=P2
29618ms  emitted C:2:206  t=8  tag=P2
29619ms  emitted C:2:207  t=7  tag=P2
29619ms  emitted C:2:210  t=12  tag=P2
29620ms  emitted C:2:220  t=10  tag=P2
29621ms  emitted C:2:224  t=12  tag=P2
29621ms  emitted C:2:225  t=12  tag=P2
29621ms  emitted C:2:226  t=12  tag=P2
29621ms  emitted C:2:227  t=12  tag=P2
29622ms  emitted C:2:230  t=12  tag=P2
29622ms  emitted C:2:232  t=12  tag=P2
29623ms  emitted C:2:236  t=12  tag=P2
29623ms  emitted C:2:237  t=12  tag=P2
29623ms  emitted C:2:243  t=9  tag=P2
29624ms  emitted C:2:244  t=9  tag=P2
29624ms  emitted C:2:245  t=7  tag=P2
29624ms  emitted C:2:246  t=8  tag=P2
29624ms  emitted C:2:250  t=8  tag=P2
29624ms  emitted C:2:251  t=7  tag=P2
29624ms  emitted C:2:252  t=9  tag=P2
29625ms  emitted C:2:253  t=9  tag=P2
29625ms  emitted C:2:254  t=8  tag=P2
29625ms  emitted C:2:255  t=10  tag=P2
29625ms  emitted C:2:256  t=11  tag=P2
29625ms  emitted C:2:257  t=8  tag=P2
29625ms  emitted C:2:258  t=12  tag=P2
29626ms  emitted C:2:264  t=9  tag=P2
29626ms  emitted C:2:265  t=12  tag=P2
29627ms  emitted C:2:271  t=10  tag=P2
29627ms  emitted C:2:272  t=9  tag=P2
29628ms  emitted C:2:281  t=11  tag=P2
29628ms  emitted C:2:282  t=12  tag=P2
29628ms  emitted C:2:284  t=12  tag=P2
29628ms  emitted C:2:285  t=12  tag=P2
29629ms  emitted C:2:286  t=10  tag=P2
29629ms  emitted C:2:287  t=9  tag=P2
29630ms  emitted C:2:296  t=12  tag=P2
29631ms  emitted C:2:306  t=12  tag=P2
29631ms  emitted C:2:307  t=11  tag=P2
29631ms  emitted C:2:309  t=12  tag=P2
29631ms  emitted C:2:310  t=11  tag=P2
29634ms  emitted C:2:327  t=12  tag=P2
29634ms  emitted C:2:328  t=11  tag=P2
29634ms  emitted C:2:329  t=12  tag=P2
29634ms  emitted C:2:330  t=12  tag=P2
29634ms  emitted C:2:331  t=12  tag=P2
29634ms  emitted C:2:332  t=11  tag=P2
29635ms  emitted C:2:333  t=12  tag=P2
29635ms  emitted C:2:336  t=12  tag=P2
29635ms  emitted C:2:339  t=12  tag=P2
29638ms  emitted C:2:342  t=12  tag=P2
29639ms  emitted C:2:355  t=9  tag=P2
29639ms  emitted C:2:356  t=11  tag=P2
29639ms  emitted C:2:357  t=11  tag=P2
29639ms  emitted C:2:358  t=11  tag=P2
29639ms  emitted C:2:359  t=12  tag=P2
29640ms  emitted C:2:360  t=12  tag=P2
29640ms  emitted C:2:361  t=11  tag=P2
29640ms  emitted C:2:363  t=12  tag=P2
29641ms  emitted C:2:376  t=12  tag=P2
29642ms  emitted C:2:377  t=12  tag=P2
29642ms  emitted C:2:378  t=12  tag=P2
29642ms  emitted C:2:380  t=11  tag=P2
29643ms  emitted C:2:385  t=9  tag=P2
29643ms  emitted C:2:386  t=11  tag=P2
29643ms  emitted C:2:387  t=10  tag=P2
29643ms  emitted C:2:388  t=10  tag=P2
29643ms  emitted C:2:389  t=11  tag=P2
29643ms  emitted C:2:392  t=11  tag=P2
29644ms  emitted C:2:393  t=11  tag=P2
29644ms  emitted C:2:394  t=11  tag=P2
29644ms  emitted C:2:395  t=12  tag=P2
29645ms  emitted C:2:402  t=9  tag=P2
29645ms  emitted C:2:403  t=12  tag=P2
29645ms  emitted C:2:409  t=7  tag=P2
29645ms  emitted C:2:410  t=8  tag=P2
29648ms  emitted C:2:434  t=12  tag=P2
29649ms  emitted C:2:436  t=8  tag=P2
29649ms  emitted C:2:437  t=10  tag=P2
29649ms  emitted C:2:438  t=10  tag=P2
29649ms  emitted C:2:439  t=11  tag=P2
29649ms  emitted C:2:440  t=10  tag=P2
29649ms  emitted C:2:441  t=10  tag=P2
29649ms  emitted C:2:442  t=11  tag=P2
29650ms  emitted C:2:443  t=11  tag=P2
29650ms  emitted C:2:444  t=9  tag=P2
29650ms  emitted C:2:445  t=10  tag=P2
29650ms  emitted C:2:446  t=9  tag=P2
29650ms  emitted C:2:447  t=10  tag=P2
29650ms  emitted C:2:448  t=9  tag=P2
29650ms  emitted C:2:449  t=9  tag=P2
29651ms  emitted C:2:450  t=9  tag=P2
29651ms  emitted C:2:451  t=9  tag=P2
29651ms  emitted C:2:452  t=10  tag=P2
29651ms  emitted C:2:453  t=8  tag=P2
29651ms  emitted C:2:454  t=8  tag=P2
29651ms  emitted C:2:455  t=7  tag=P2
29651ms  emitted C:2:456  t=9  tag=P2
29651ms  emitted C:2:457  t=10  tag=P2
29651ms  emitted C:2:458  t=10  tag=P2
29652ms  emitted C:2:459  t=10  tag=P2
29652ms  emitted C:2:460  t=10  tag=P2
29652ms  emitted C:2:461  t=8  tag=P2
29652ms  emitted C:2:462  t=7  tag=P2
29652ms  emitted C:2:463  t=6  tag=P2
29652ms  emitted C:2:464  t=8  tag=P2
29653ms  emitted C:2:465  t=7  tag=P2
29653ms  emitted C:2:466  t=7  tag=P2
29653ms  emitted C:2:467  t=6  tag=P2
29653ms  emitted C:2:470  t=11  tag=P2
29654ms  emitted C:2:471  t=11  tag=P2
29654ms  emitted C:2:472  t=10  tag=P2
29655ms  emitted C:2:483  t=9  tag=P2
29655ms  emitted C:2:484  t=10  tag=P2
29655ms  emitted C:2:485  t=11  tag=P2
29655ms  emitted C:2:486  t=11  tag=P2
29656ms  emitted C:2:487  t=12  tag=P2
29657ms  emitted C:2:488  t=12  tag=P2
29658ms  emitted C:2:490  t=9  tag=P2
29658ms  emitted C:2:491  t=10  tag=P2
29658ms  emitted C:2:492  t=10  tag=P2
29658ms  emitted C:2:493  t=9  tag=P2
29658ms  emitted C:2:494  t=9  tag=P2
29658ms  emitted C:2:495  t=9  tag=P2
29658ms  emitted C:2:496  t=9  tag=P2
29658ms  emitted C:2:497  t=9  tag=P2
29659ms  emitted C:2:498  t=10  tag=P2
29659ms  emitted C:2:499  t=10  tag=P2
29659ms  emitted C:2:500  t=10  tag=P2
29659ms  emitted C:2:501  t=10  tag=P2
29659ms  emitted C:2:502  t=9  tag=P2
29659ms  emitted C:2:503  t=7  tag=P2
29660ms  emitted C:2:505  t=12  tag=P2
29660ms  emitted C:2:506  t=11  tag=P2
29660ms  emitted C:2:507  t=10  tag=P2
29660ms  emitted C:2:508  t=9  tag=P2
29660ms  emitted C:2:509  t=9  tag=P2
29661ms  emitted C:2:510  t=8  tag=P2
29661ms  emitted C:2:511  t=9  tag=P2
29661ms  emitted C:2:512  t=10  tag=P2
29661ms  emitted C:2:513  t=10  tag=P2
29661ms  emitted C:2:514  t=9  tag=P2
29661ms  emitted C:2:515  t=11  tag=P2
29662ms  emitted C:2:516  t=9  tag=P2
29662ms  emitted C:2:517  t=9  tag=P2
29662ms  emitted C:2:518  t=9  tag=P2
29662ms  emitted C:2:519  t=9  tag=P2
29662ms  emitted C:2:520  t=10  tag=P2
29662ms  emitted C:2:521  t=10  tag=P2
29663ms  emitted C:2:524  t=11  tag=P2
29663ms  emitted C:2:525  t=12  tag=P2
29663ms  emitted C:2:527  t=12  tag=P2
29663ms  emitted C:2:528  t=12  tag=P2
29663ms  emitted C:2:529  t=12  tag=P2
29663ms  emitted C:2:530  t=12  tag=P2
29664ms  emitted C:2:531  t=12  tag=P2
29664ms  emitted C:2:532  t=10  tag=P2
29664ms  emitted C:2:533  t=11  tag=P2
29664ms  emitted C:2:534  t=11  tag=P2
29664ms  emitted C:2:535  t=11  tag=P2
29664ms  emitted C:2:536  t=12  tag=P2
29664ms  emitted C:2:537  t=10  tag=P2
29665ms  emitted C:2:538  t=10  tag=P2
29665ms  emitted C:2:539  t=9  tag=P2
29665ms  emitted C:2:540  t=9  tag=P2
29665ms  emitted C:2:541  t=9  tag=P2
29665ms  emitted C:2:542  t=10  tag=P2
29665ms  emitted C:2:543  t=10  tag=P2
29665ms  emitted C:2:544  t=12  tag=P2
29666ms  emitted C:2:545  t=11  tag=P2
29666ms  emitted C:2:546  t=11  tag=P2
29666ms  emitted C:2:547  t=11  tag=P2
29666ms  emitted C:2:548  t=9  tag=P2
29666ms  emitted C:2:549  t=10  tag=P2
29666ms  emitted C:2:550  t=10  tag=P2
29666ms  emitted C:2:551  t=11  tag=P2
29667ms  emitted C:2:552  t=10  tag=P2
29667ms  emitted C:2:553  t=10  tag=P2
29667ms  emitted C:2:554  t=10  tag=P2
29668ms  emitted C:2:562  t=10  tag=P2
29668ms  emitted C:2:565  t=10  tag=P2
29668ms  emitted C:2:566  t=10  tag=P2
29668ms  emitted C:2:567  t=12  tag=P2
29669ms  emitted C:2:568  t=12  tag=P2
29669ms  emitted C:2:569  t=12  tag=P2
29669ms  emitted C:2:570  t=12  tag=P2
29669ms  emitted C:2:571  t=10  tag=P2
29669ms  emitted C:2:572  t=10  tag=P2
29669ms  emitted C:2:573  t=10  tag=P2
29669ms  emitted C:2:574  t=11  tag=P2
29670ms  emitted C:2:575  t=12  tag=P2
29670ms  emitted C:2:576  t=12  tag=P2
29670ms  emitted C:2:577  t=12  tag=P2
29670ms  emitted C:2:579  t=8  tag=P2
29670ms  emitted C:2:580  t=8  tag=P2
29671ms  emitted C:2:581  t=8  tag=P2
29671ms  emitted C:2:582  t=8  tag=P2
29671ms  emitted C:2:583  t=5  tag=P2
29671ms  emitted C:2:584  t=6  tag=P2
29671ms  emitted C:2:585  t=6  tag=P2
29671ms  emitted C:2:586  t=7  tag=P2
29671ms  emitted C:2:587  t=8  tag=P2
29672ms  emitted C:2:588  t=9  tag=P2
29672ms  emitted C:2:589  t=9  tag=P2
29672ms  emitted C:2:590  t=8  tag=P2
29672ms  emitted C:2:591  t=5  tag=P2
29672ms  emitted C:2:592  t=6  tag=P2
29672ms  emitted C:2:593  t=6  tag=P2
29673ms  emitted C:2:594  t=7  tag=P2
29673ms  emitted C:2:595  t=12  tag=P2
29673ms  emitted C:2:596  t=11  tag=P2
29673ms  emitted C:2:597  t=11  tag=P2
29673ms  emitted C:2:598  t=11  tag=P2
29673ms  emitted C:2:599  t=8  tag=P2
29673ms  emitted C:2:600  t=7  tag=P2
29674ms  emitted C:2:601  t=5  tag=P2
29674ms  emitted C:2:602  t=6  tag=P2
29674ms  emitted C:2:603  t=6  tag=P2
29674ms  emitted C:2:604  t=7  tag=P2
29674ms  emitted C:2:605  t=8  tag=P2
29674ms  emitted C:2:606  t=7  tag=P2
29674ms  emitted C:2:607  t=6  tag=P2
29675ms  emitted C:2:608  t=7  tag=P2
29675ms  emitted C:2:609  t=6  tag=P2
29675ms  emitted C:2:610  t=6  tag=P2
29675ms  emitted C:2:611  t=7  tag=P2
29675ms  emitted C:2:612  t=6  tag=P2
29675ms  emitted C:2:613  t=7  tag=P2
29675ms  emitted C:2:614  t=6  tag=P2
29675ms  emitted C:2:615  t=6  tag=P2
29676ms  emitted C:2:616  t=6  tag=P2
29676ms  emitted C:2:617  t=6  tag=P2
29676ms  emitted C:2:618  t=7  tag=P2
29678ms  emitted C:2:619  t=7  tag=P2
29678ms  emitted C:2:620  t=7  tag=P2
29678ms  emitted C:2:621  t=7  tag=P2
29678ms  emitted C:2:622  t=7  tag=P2
29678ms  emitted C:2:623  t=6  tag=P2
29678ms  emitted C:2:624  t=8  tag=P2
29679ms  emitted C:2:625  t=8  tag=P2
29679ms  emitted C:2:626  t=7  tag=P2
29679ms  emitted C:2:627  t=9  tag=P2
29679ms  emitted C:2:628  t=7  tag=P2
29679ms  emitted C:2:629  t=7  tag=P2
29679ms  emitted C:2:630  t=8  tag=P2
29679ms  emitted C:2:631  t=7  tag=P2
29679ms  emitted C:2:632  t=8  tag=P2
29680ms  emitted C:2:633  t=7  tag=P2
29680ms  emitted C:2:634  t=8  tag=P2
29680ms  emitted C:2:635  t=8  tag=P2
29680ms  emitted C:2:636  t=7  tag=P2
29680ms  emitted C:2:637  t=12  tag=P2
29681ms  emitted C:2:638  t=11  tag=P2
29682ms  emitted C:2:647  t=12  tag=P2
29682ms  emitted C:2:649  t=12  tag=P2
29682ms  emitted C:2:650  t=12  tag=P2
29683ms  emitted C:2:654  t=12  tag=P2
29683ms  emitted C:2:657  t=12  tag=P2
29683ms  emitted C:2:658  t=12  tag=P2
29684ms  emitted C:2:660  t=12  tag=P2
29684ms  emitted C:2:661  t=12  tag=P2
29684ms  emitted C:2:662  t=11  tag=P2
29684ms  emitted C:2:663  t=6  tag=P2
29684ms  emitted C:2:664  t=12  tag=P2
29684ms  emitted C:2:665  t=11  tag=P2
29684ms  emitted C:2:666  t=11  tag=P2
29685ms  emitted C:2:669  t=12  tag=P2
29685ms  emitted C:2:670  t=12  tag=P2
29685ms  emitted C:2:673  t=12  tag=P2
29685ms  emitted C:2:674  t=12  tag=P2
29686ms  emitted C:2:675  t=12  tag=P2
29686ms  emitted C:2:676  t=12  tag=P2
29686ms  emitted C:2:677  t=11  tag=P2
29686ms  emitted C:2:678  t=11  tag=P2
29686ms  emitted C:2:679  t=12  tag=P2
29686ms  emitted C:2:680  t=12  tag=P2
29686ms  emitted C:2:681  t=11  tag=P2
29687ms  emitted C:2:682  t=11  tag=P2
29687ms  emitted C:2:684  t=12  tag=P2
29687ms  emitted C:2:685  t=12  tag=P2
29687ms  emitted C:2:686  t=11  tag=P2
29687ms  emitted C:2:687  t=12  tag=P2
29687ms  emitted C:2:688  t=12  tag=P2
29688ms  emitted C:2:689  t=11  tag=P2
29688ms  emitted C:2:690  t=11  tag=P2
29688ms  emitted C:2:691  t=12  tag=P2
29688ms  emitted C:2:692  t=11  tag=P2
29688ms  emitted C:2:693  t=12  tag=P2
29688ms  emitted C:2:694  t=11  tag=P2
29689ms  emitted C:2:695  t=9  tag=P2
29689ms  emitted C:2:696  t=11  tag=P2
29689ms  emitted C:2:697  t=11  tag=P2
29689ms  emitted C:2:698  t=11  tag=P2
29689ms  emitted C:2:699  t=12  tag=P2
29689ms  emitted C:2:700  t=12  tag=P2
29689ms  emitted C:2:701  t=11  tag=P2
29690ms  emitted C:2:702  t=12  tag=P2
29690ms  emitted C:2:703  t=12  tag=P2
29690ms  emitted C:2:704  t=11  tag=P2
29690ms  emitted C:2:705  t=11  tag=P2
29690ms  emitted C:2:706  t=11  tag=P2
29690ms  emitted C:2:707  t=11  tag=P2
29690ms  emitted C:2:708  t=11  tag=P2
29691ms  emitted C:2:710  t=12  tag=P2
29691ms  emitted C:2:711  t=12  tag=P2
29691ms  emitted C:2:712  t=12  tag=P2
29691ms  emitted C:2:713  t=11  tag=P2
29691ms  emitted C:2:714  t=11  tag=P2
29691ms  emitted C:2:716  t=12  tag=P2
29692ms  emitted C:2:718  t=9  tag=P2
29692ms  emitted C:2:719  t=9  tag=P2
29692ms  emitted C:2:720  t=9  tag=P2
29692ms  emitted C:2:721  t=9  tag=P2
29692ms  emitted C:2:722  t=10  tag=P2
29692ms  emitted C:2:723  t=10  tag=P2
29692ms  emitted C:2:724  t=9  tag=P2
29693ms  emitted C:2:725  t=10  tag=P2
29693ms  emitted C:2:726  t=11  tag=P2
29693ms  emitted C:2:727  t=10  tag=P2
29693ms  emitted C:2:728  t=10  tag=P2
29693ms  emitted C:2:729  t=9  tag=P2
29693ms  emitted C:2:730  t=10  tag=P2
29693ms  emitted C:2:731  t=9  tag=P2
29694ms  emitted C:2:732  t=10  tag=P2
29694ms  emitted C:2:733  t=7  tag=P2
29694ms  emitted C:2:734  t=11  tag=P2
29694ms  emitted C:2:736  t=11  tag=P2
29694ms  emitted C:2:737  t=11  tag=P2
29696ms  emitted C:2:738  t=7  tag=P2
29696ms  emitted C:2:739  t=12  tag=P2
29696ms  emitted C:2:741  t=9  tag=P2
29696ms  emitted C:2:742  t=11  tag=P2
29696ms  emitted C:2:743  t=11  tag=P2
29697ms  emitted C:2:744  t=11  tag=P2
29697ms  emitted C:2:745  t=11  tag=P2
29697ms  emitted C:2:746  t=11  tag=P2
29697ms  emitted C:2:747  t=11  tag=P2
29697ms  emitted C:2:748  t=11  tag=P2
29697ms  emitted C:2:749  t=11  tag=P2
29698ms  emitted C:2:750  t=11  tag=P2
29698ms  emitted C:2:751  t=11  tag=P2
29698ms  emitted C:2:752  t=12  tag=P2
29698ms  emitted C:2:753  t=11  tag=P2
29698ms  emitted C:2:754  t=11  tag=P2
29699ms  emitted C:2:755  t=11  tag=P2
29699ms  emitted C:2:756  t=12  tag=P2
29699ms  emitted C:2:757  t=11  tag=P2
29699ms  emitted C:2:758  t=12  tag=P2
29699ms  emitted C:2:759  t=12  tag=P2
29699ms  emitted C:2:761  t=6  tag=P2
29700ms  emitted C:2:762  t=11  tag=P2
29700ms  emitted C:2:763  t=7  tag=P2
29700ms  emitted C:2:764  t=11  tag=P2
29700ms  emitted C:2:765  t=7  tag=P2
29700ms  emitted C:2:766  t=12  tag=P2
29700ms  emitted C:2:767  t=11  tag=P2
29701ms  emitted C:2:768  t=10  tag=P2
29701ms  emitted C:2:769  t=10  tag=P2
29701ms  emitted C:2:770  t=10  tag=P2
29701ms  emitted C:2:771  t=10  tag=P2
29701ms  emitted C:2:772  t=10  tag=P2
29701ms  emitted C:2:773  t=10  tag=P2
29701ms  emitted C:2:774  t=7  tag=P2
29702ms  emitted C:2:775  t=7  tag=P2
29702ms  emitted C:2:776  t=6  tag=P2
29702ms  emitted C:2:777  t=6  tag=P2
29702ms  emitted C:2:778  t=5  tag=P2
29702ms  emitted C:2:779  t=6  tag=P2
29702ms  emitted C:2:780  t=10  tag=P2
29703ms  emitted C:2:781  t=11  tag=P2
29703ms  emitted C:2:782  t=9  tag=P2
29703ms  emitted C:2:783  t=9  tag=P2
29703ms  emitted C:2:784  t=10  tag=P2
29703ms  emitted C:2:785  t=9  tag=P2
29704ms  emitted C:2:786  t=9  tag=P2
29704ms  emitted C:2:787  t=9  tag=P2
29704ms  emitted C:2:788  t=9  tag=P2
29704ms  emitted C:2:789  t=9  tag=P2
29704ms  emitted C:2:790  t=9  tag=P2
29704ms  emitted C:2:791  t=9  tag=P2
29704ms  emitted C:2:792  t=5  tag=P2
29705ms  emitted C:2:793  t=6  tag=P2
29705ms  emitted C:2:794  t=5  tag=P2
29705ms  emitted C:2:795  t=6  tag=P2
29705ms  emitted C:2:797  t=6  tag=P2
29705ms  emitted C:2:798  t=7  tag=P2
29706ms  emitted C:2:799  t=6  tag=P2
29706ms  emitted C:2:800  t=6  tag=P2
29706ms  emitted C:2:801  t=6  tag=P2
29706ms  emitted C:2:802  t=11  tag=P2
29706ms  emitted C:2:804  t=9  tag=P2
29706ms  emitted C:2:805  t=9  tag=P2
29707ms  emitted C:2:806  t=9  tag=P2
29707ms  emitted C:2:807  t=9  tag=P2
29707ms  emitted C:2:808  t=8  tag=P2
29707ms  emitted C:2:809  t=8  tag=P2
29707ms  emitted C:2:810  t=8  tag=P2
29707ms  emitted C:2:811  t=8  tag=P2
29707ms  emitted C:2:812  t=8  tag=P2
29708ms  emitted C:2:813  t=8  tag=P2
29708ms  emitted C:2:814  t=8  tag=P2
29708ms  emitted C:2:815  t=8  tag=P2
29708ms  emitted C:2:816  t=8  tag=P2
29708ms  emitted C:2:817  t=8  tag=P2
29708ms  emitted C:2:818  t=8  tag=P2
29709ms  emitted C:2:819  t=8  tag=P2
29709ms  emitted C:2:820  t=8  tag=P2
29709ms  emitted C:2:821  t=8  tag=P2
29709ms  emitted C:2:822  t=8  tag=P2
29709ms  emitted C:2:823  t=8  tag=P2
29709ms  emitted C:2:824  t=8  tag=P2
29709ms  emitted C:2:825  t=8  tag=P2
29709ms  emitted C:2:826  t=10  tag=P2
29710ms  emitted C:2:827  t=9  tag=P2
29710ms  emitted C:2:828  t=9  tag=P2
29710ms  emitted C:2:829  t=9  tag=P2
29710ms  emitted C:2:830  t=9  tag=P2
29710ms  emitted C:2:831  t=9  tag=P2
29710ms  emitted C:2:832  t=9  tag=P2
29711ms  emitted C:2:833  t=9  tag=P2
29711ms  emitted C:2:834  t=8  tag=P2
29711ms  emitted C:2:835  t=8  tag=P2
29712ms  emitted C:2:836  t=9  tag=P2
29712ms  emitted C:2:837  t=9  tag=P2
29713ms  emitted C:2:838  t=8  tag=P2
29713ms  emitted C:2:839  t=8  tag=P2
29713ms  emitted C:2:840  t=9  tag=P2
29713ms  emitted C:2:841  t=9  tag=P2
29713ms  emitted C:2:842  t=8  tag=P2
29714ms  emitted C:2:843  t=8  tag=P2
29714ms  emitted C:2:844  t=8  tag=P2
29714ms  emitted C:2:845  t=8  tag=P2
29714ms  emitted C:2:846  t=8  tag=P2
29714ms  emitted C:2:847  t=9  tag=P2
29714ms  emitted C:2:848  t=9  tag=P2
29715ms  emitted C:2:849  t=9  tag=P2
29715ms  emitted C:2:850  t=10  tag=P2
29715ms  emitted C:2:851  t=9  tag=P2
29715ms  emitted C:2:852  t=10  tag=P2
29715ms  emitted C:2:853  t=10  tag=P2
29716ms  emitted C:2:854  t=12  tag=P2
29716ms  emitted C:2:855  t=5  tag=P2
29716ms  emitted C:2:856  t=5  tag=P2
29716ms  emitted C:2:857  t=5  tag=P2
29716ms  emitted C:2:858  t=6  tag=P2
29716ms  emitted C:2:859  t=5  tag=P2
29717ms  emitted C:2:860  t=5  tag=P2
29717ms  emitted C:2:861  t=5  tag=P2
29717ms  emitted C:2:862  t=6  tag=P2
29717ms  emitted C:2:863  t=8  tag=P2
29717ms  emitted C:2:864  t=8  tag=P2
29717ms  emitted C:2:865  t=8  tag=P2
29717ms  emitted C:2:866  t=8  tag=P2
29718ms  emitted C:2:867  t=8  tag=P2
29718ms  emitted C:2:868  t=8  tag=P2
29718ms  emitted C:2:869  t=6  tag=P2
29718ms  emitted C:2:870  t=5  tag=P2
29718ms  emitted C:2:871  t=5  tag=P2
29718ms  emitted C:2:872  t=5  tag=P2
29718ms  emitted C:2:873  t=6  tag=P2
29719ms  emitted C:2:874  t=6  tag=P2
29719ms  emitted C:2:875  t=6  tag=P2
29719ms  emitted C:2:876  t=7  tag=P2
29719ms  emitted C:2:877  t=6  tag=P2
29719ms  emitted C:2:878  t=6  tag=P2
29719ms  emitted C:2:879  t=6  tag=P2
29719ms  emitted C:2:880  t=6  tag=P2
29720ms  emitted C:2:881  t=7  tag=P2
29720ms  emitted C:2:882  t=6  tag=P2
29720ms  emitted C:2:883  t=6  tag=P2
29720ms  emitted C:2:884  t=11  tag=P2
29720ms  emitted C:2:885  t=6  tag=P2
29720ms  emitted C:2:886  t=7  tag=P2
29720ms  emitted C:2:887  t=7  tag=P2
29721ms  emitted C:2:888  t=7  tag=P2
29721ms  emitted C:2:889  t=7  tag=P2
29721ms  emitted C:2:890  t=7  tag=P2
29721ms  emitted C:2:891  t=9  tag=P2
29721ms  emitted C:2:892  t=9  tag=P2
29721ms  emitted C:2:893  t=9  tag=P2
29722ms  emitted C:2:894  t=9  tag=P2
29722ms  emitted C:2:895  t=9  tag=P2
29722ms  emitted C:2:896  t=9  tag=P2
29722ms  emitted C:2:897  t=9  tag=P2
29722ms  emitted C:2:898  t=10  tag=P2
29722ms  emitted C:2:899  t=7  tag=P2
29723ms  emitted C:2:900  t=7  tag=P2
29723ms  emitted C:2:901  t=7  tag=P2
29723ms  emitted C:2:902  t=9  tag=P2
29723ms  emitted C:2:903  t=8  tag=P2
29723ms  emitted C:2:904  t=5  tag=P2
29723ms  emitted C:2:905  t=6  tag=P2
29724ms  emitted C:2:906  t=6  tag=P2
29724ms  emitted C:2:907  t=6  tag=P2
29724ms  emitted C:2:908  t=6  tag=P2
29724ms  emitted C:2:909  t=9  tag=P2
29724ms  emitted C:2:910  t=8  tag=P2
29724ms  emitted C:2:911  t=9  tag=P2
29725ms  emitted C:2:912  t=9  tag=P2
29725ms  emitted C:2:913  t=11  tag=P2
29725ms  emitted C:2:914  t=10  tag=P2
29725ms  emitted C:2:915  t=6  tag=P2
29725ms  emitted C:2:916  t=6  tag=P2
29725ms  emitted C:2:917  t=6  tag=P2
29726ms  emitted C:2:918  t=7  tag=P2
29726ms  emitted C:2:919  t=5  tag=P2
29726ms  emitted C:2:920  t=5  tag=P2
29726ms  emitted C:2:921  t=5  tag=P2
29726ms  emitted C:2:922  t=5  tag=P2
29726ms  emitted C:2:923  t=8  tag=P2
29728ms  emitted C:2:924  t=5  tag=P2
29728ms  emitted C:2:925  t=8  tag=P2
29728ms  emitted C:2:926  t=8  tag=P2
29728ms  emitted C:2:927  t=8  tag=P2
29729ms  emitted C:2:928  t=8  tag=P2
29729ms  emitted C:2:929  t=8  tag=P2
29729ms  emitted C:2:930  t=8  tag=P2
29729ms  emitted C:2:931  t=8  tag=P2
29729ms  emitted C:2:932  t=8  tag=P2
29729ms  emitted C:2:933  t=8  tag=P2
29730ms  emitted C:2:934  t=8  tag=P2
29730ms  emitted C:2:935  t=6  tag=P2
29730ms  emitted C:2:936  t=6  tag=P2
29730ms  emitted C:2:937  t=6  tag=P2
29730ms  emitted C:2:938  t=6  tag=P2
29730ms  emitted C:2:939  t=8  tag=P2
29731ms  emitted C:2:940  t=8  tag=P2
29731ms  emitted C:2:941  t=9  tag=P2
29731ms  emitted C:2:942  t=7  tag=P2
29731ms  emitted C:2:943  t=5  tag=P2
29731ms  emitted C:2:944  t=5  tag=P2
29731ms  emitted C:2:945  t=5  tag=P2
29732ms  emitted C:2:946  t=5  tag=P2
29732ms  emitted C:2:947  t=6  tag=P2
29732ms  emitted C:2:948  t=5  tag=P2
29732ms  emitted C:2:949  t=5  tag=P2
29732ms  emitted C:2:950  t=5  tag=P2
29732ms  emitted C:2:951  t=5  tag=P2
29733ms  emitted C:2:952  t=6  tag=P2
29733ms  emitted C:2:953  t=5  tag=P2
29733ms  emitted C:2:954  t=5  tag=P2
29733ms  emitted C:2:955  t=5  tag=P2
29733ms  emitted C:2:956  t=7  tag=P2
29733ms  emitted C:2:957  t=5  tag=P2
29733ms  emitted C:2:958  t=6  tag=P2
29734ms  emitted C:2:959  t=6  tag=P2
29734ms  emitted C:2:960  t=6  tag=P2
29734ms  emitted C:2:961  t=5  tag=P2
29734ms  emitted C:2:962  t=6  tag=P2
29734ms  emitted C:2:963  t=5  tag=P2
29734ms  emitted C:2:964  t=5  tag=P2
29735ms  emitted C:2:965  t=6  tag=P2
29735ms  emitted C:2:966  t=5  tag=P2
29735ms  emitted C:2:967  t=8  tag=P2
29735ms  emitted C:2:968  t=6  tag=P2
29735ms  emitted C:2:969  t=5  tag=P2
29736ms  emitted C:2:970  t=5  tag=P2
29736ms  emitted C:2:971  t=6  tag=P2
29736ms  emitted C:2:972  t=5  tag=P2
29736ms  emitted C:2:973  t=5  tag=P2
29736ms  emitted C:2:974  t=5  tag=P2
29736ms  emitted C:2:975  t=5  tag=P2
29737ms  emitted C:2:976  t=5  tag=P2
29737ms  emitted C:2:977  t=5  tag=P2
29737ms  emitted C:2:978  t=5  tag=P2
29737ms  stage C p=2 complete
29737ms  Sylow_3 order 81; computing subgroup classes (may take a while for p=2)
29752ms    20 classes
29753ms  emitted C:3:9  t=11  tag=P3
29753ms  emitted C:3:10  t=11  tag=P3
29753ms  emitted C:3:11  t=9  tag=P3
29753ms  emitted C:3:12  t=9  tag=P3
29755ms  emitted C:3:13  t=5  tag=P3
29755ms  emitted C:3:14  t=5  tag=P3
29755ms  emitted C:3:15  t=5  tag=P3
29755ms  emitted C:3:16  t=9  tag=P3
29755ms  emitted C:3:17  t=3  tag=P3
29755ms  emitted C:3:18  t=3  tag=P3
29755ms  emitted C:3:19  t=3  tag=P3
29756ms  emitted C:3:20  t=3  tag=P3
29756ms  stage C p=3 complete
29756ms  Sylow_5 order 25; computing subgroup classes (may take a while for p=2)
29757ms    8 classes
29757ms  emitted C:5:4  t=9  tag=P5
29758ms  emitted C:5:5  t=9  tag=P5
29758ms  emitted C:5:6  t=9  tag=P5
29758ms  emitted C:5:7  t=9  tag=P5
29758ms  emitted C:5:8  t=5  tag=P5
29758ms  stage C p=5 complete
29758ms  Sylow_7 order 7; computing subgroup classes (may take a while for p=2)
29758ms    2 classes
29758ms  emitted C:7:2  t=9  tag=P7
29758ms  stage C p=7 complete
29759ms  ALL SELECTED STAGES COMPLETE
