sieve and efficiencies to 1,000,000 in 1.8s
21:17:25  scanning to 1,000,000; checkpoint every 10,000, summary every 100,000
21:17:27  n =    10,000  (     2s,    6260 n/s)  floor so far 0.02504 at n = 3239   eta ~177.5m
21:17:29  n =    20,000  (     4s,    4878 n/s)  floor so far 0.02504 at n = 3239   eta ~108.9m
21:17:32  n =    30,000  (     7s,    3357 n/s)  floor so far 0.02504 at n = 3239   eta ~91.4m
21:17:36  n =    40,000  (    11s,    2380 n/s)  floor so far 0.02504 at n = 3239   eta ~86.3m
21:17:41  n =    50,000  (    16s,    1984 n/s)  floor so far 0.02504 at n = 3239   eta ~82.6m
21:17:47  n =    60,000  (    22s,    1661 n/s)  floor so far 0.02504 at n = 3239   eta ~80.3m
21:17:54  n =    70,000  (    29s,    1432 n/s)  floor so far 0.02504 at n = 3239   eta ~78.8m
21:18:01  n =    80,000  (    36s,    1354 n/s)  floor so far 0.02504 at n = 3239   eta ~76.6m
21:18:09  n =    90,000  (    44s,    1254 n/s)  floor so far 0.02504 at n = 3239   eta ~74.4m
21:18:18  n =   100,000  (    53s,    1122 n/s)  floor so far 0.02504 at n = 3239   eta ~72.9m
21:18:18  --- through 100,000: block floor 0.02504 at n = 3239; global floor 0.02504 at n = 3239 (mod 12 = 11); 0 below 0.02 ---
21:18:28  n =   110,000  (    63s,     998 n/s)  floor so far 0.02504 at n = 3239   eta ~72.0m
21:18:39  n =   120,000  (    74s,     910 n/s)  floor so far 0.02504 at n = 3239   eta ~71.4m
21:18:51  n =   130,000  (    86s,     849 n/s)  floor so far 0.02504 at n = 3239   eta ~70.8m
21:19:03  n =   140,000  (    98s,     808 n/s)  floor so far 0.02504 at n = 3239   eta ~70.1m
21:19:16  n =   150,000  (   111s,     769 n/s)  floor so far 0.02504 at n = 3239   eta ~69.3m
21:19:30  n =   160,000  (   125s,     723 n/s)  floor so far 0.02504 at n = 3239   eta ~68.6m
21:19:45  n =   170,000  (   140s,     683 n/s)  floor so far 0.02504 at n = 3239   eta ~68.0m
21:20:00  n =   180,000  (   155s,     646 n/s)  floor so far 0.02504 at n = 3239   eta ~67.4m
21:20:17  n =   190,000  (   172s,     606 n/s)  floor so far 0.02504 at n = 3239   eta ~66.9m
21:20:34  n =   200,000  (   189s,     580 n/s)  floor so far 0.02504 at n = 3239   eta ~66.4m
21:20:34  --- through 200,000: block floor 0.04125 at n = 134423; global floor 0.02504 at n = 3239 (mod 12 = 11); 0 below 0.02 ---
21:20:52  n =   210,000  (   207s,     559 n/s)  floor so far 0.02504 at n = 3239   eta ~65.9m
21:21:11  n =   220,000  (   226s,     533 n/s)  floor so far 0.02504 at n = 3239   eta ~65.4m
21:21:31  n =   230,000  (   246s,     503 n/s)  floor so far 0.02504 at n = 3239   eta ~65.1m
21:21:52  n =   240,000  (   267s,     477 n/s)  floor so far 0.02504 at n = 3239   eta ~64.7m
21:22:13  n =   250,000  (   288s,     467 n/s)  floor so far 0.02504 at n = 3239   eta ~64.3m
21:22:37  n =   260,000  (   311s,     426 n/s)  floor so far 0.02504 at n = 3239   eta ~64.1m
21:23:00  n =   270,000  (   335s,     430 n/s)  floor so far 0.02504 at n = 3239   eta ~63.7m
21:23:24  n =   280,000  (   359s,     414 n/s)  floor so far 0.02504 at n = 3239   eta ~63.3m
21:23:49  n =   290,000  (   384s,     397 n/s)  floor so far 0.02504 at n = 3239   eta ~62.9m
21:24:14  n =   300,000  (   409s,     398 n/s)  floor so far 0.02504 at n = 3239   eta ~62.4m
21:24:14  --- through 300,000: block floor 0.04491 at n = 203867; global floor 0.02504 at n = 3239 (mod 12 = 11); 0 below 0.02 ---

21:24:42  n =   310,000  (   437s,     366 n/s)  floor so far 0.02504 at n = 3239   eta ~62.0m
21:25:08  n =   320,000  (   463s,     378 n/s)  floor so far 0.02504 at n = 3239   eta ~61.4m
21:25:35  n =   330,000  (   490s,     369 n/s)  floor so far 0.02504 at n = 3239   eta ~60.8m
21:26:04  n =   340,000  (   519s,     352 n/s)  floor so far 0.02504 at n = 3239   eta ~60.3m
21:26:32  n =   350,000  (   547s,     348 n/s)  floor so far 0.02504 at n = 3239   eta ~59.7m
21:27:03  n =   360,000  (   577s,     332 n/s)  floor so far 0.02504 at n = 3239   eta ~59.1m
21:27:37  n =   370,000  (   612s,     291 n/s)  floor so far 0.02504 at n = 3239   eta ~58.9m
21:28:09  n =   380,000  (   644s,     314 n/s)  floor so far 0.02504 at n = 3239   eta ~58.4m
21:28:42  n =   390,000  (   677s,     304 n/s)  floor so far 0.02504 at n = 3239   eta ~57.8m
21:29:15  n =   400,000  (   710s,     298 n/s)  floor so far 0.02504 at n = 3239   eta ~57.2m
21:29:15  --- through 400,000: block floor 0.04546 at n = 332255; global floor 0.02504 at n = 3239 (mod 12 = 11); 0 below 0.02 ---
21:29:48  n =   410,000  (   743s,     300 n/s)  floor so far 0.02504 at n = 3239   eta ~56.6m
21:30:23  n =   420,000  (   778s,     293 n/s)  floor so far 0.02504 at n = 3239   eta ~55.9m
21:30:58  n =   430,000  (   813s,     283 n/s)  floor so far 0.02504 at n = 3239   eta ~55.2m
21:31:34  n =   440,000  (   849s,     280 n/s)  floor so far 0.02504 at n = 3239   eta ~54.6m
21:32:10  n =   450,000  (   885s,     276 n/s)  floor so far 0.02504 at n = 3239   eta ~53.9m
21:32:47  n =   460,000  (   922s,     266 n/s)  floor so far 0.02504 at n = 3239   eta ~53.2m
21:33:26  n =   470,000  (   961s,     257 n/s)  floor so far 0.02504 at n = 3239   eta ~52.5m
21:34:06  n =   480,000  (  1001s,     253 n/s)  floor so far 0.02504 at n = 3239   eta ~51.9m
21:34:46  n =   490,000  (  1041s,     251 n/s)  floor so far 0.02504 at n = 3239   eta ~51.2m
21:35:29  n =   500,000  (  1084s,     230 n/s)  floor so far 0.02504 at n = 3239   eta ~50.6m
21:35:29  --- through 500,000: block floor 0.04518 at n = 421679; global floor 0.02504 at n = 3239 (mod 12 = 11); 0 below 0.02 ---
21:36:10  n =   510,000  (  1125s,     244 n/s)  floor so far 0.02504 at n = 3239   eta ~49.8m
21:36:52  n =   520,000  (  1167s,     238 n/s)  floor so far 0.02504 at n = 3239   eta ~49.1m
21:37:36  n =   530,000  (  1211s,     230 n/s)  floor so far 0.02504 at n = 3239   eta ~48.4m
21:38:20  n =   540,000  (  1255s,     226 n/s)  floor so far 0.02504 at n = 3239   eta ~47.6m
21:39:03  n =   550,000  (  1298s,     230 n/s)  floor so far 0.02504 at n = 3239   eta ~46.8m
21:39:48  n =   560,000  (  1343s,     223 n/s)  floor so far 0.02504 at n = 3239   eta ~46.0m
21:40:34  n =   570,000  (  1389s,     221 n/s)  floor so far 0.02504 at n = 3239   eta ~45.2m
21:41:21  n =   580,000  (  1436s,     210 n/s)  floor so far 0.02504 at n = 3239   eta ~44.4m
21:42:09  n =   590,000  (  1484s,     210 n/s)  floor so far 0.02504 at n = 3239   eta ~43.6m
21:42:57  n =   600,000  (  1532s,     206 n/s)  floor so far 0.02504 at n = 3239   eta ~42.8m
21:42:57  --- through 600,000: block floor 0.04546 at n = 589211; global floor 0.02504 at n = 3239 (mod 12 = 11); 0 below 0.02 ---
21:43:46  n =   610,000  (  1581s,     207 n/s)  floor so far 0.02504 at n = 3239   eta ~41.9m
21:44:35  n =   620,000  (  1630s,     203 n/s)  floor so far 0.02504 at n = 3239   eta ~41.1m
21:45:25  n =   630,000  (  1680s,     200 n/s)  floor so far 0.02504 at n = 3239   eta ~40.2m
21:46:15  n =   640,000  (  1730s,     200 n/s)  floor so far 0.02504 at n = 3239   eta ~39.3m
21:47:07  n =   650,000  (  1782s,     193 n/s)  floor so far 0.02504 at n = 3239   eta ~38.4m
21:48:00  n =   660,000  (  1835s,     189 n/s)  floor so far 0.02504 at n = 3239   eta ~37.5m
21:48:53  n =   670,000  (  1888s,     187 n/s)  floor so far 0.02504 at n = 3239   eta ~36.6m
21:49:47  n =   680,000  (  1942s,     186 n/s)  floor so far 0.02504 at n = 3239   eta ~35.7m
21:50:40  n =   690,000  (  1995s,     188 n/s)  floor so far 0.02504 at n = 3239   eta ~34.7m
21:51:35  n =   700,000  (  2049s,     184 n/s)  floor so far 0.02504 at n = 3239   eta ~33.8m
21:51:35  --- through 700,000: block floor 0.04546 at n = 624527; global floor 0.02504 at n = 3239 (mod 12 = 11); 0 below 0.02 ---
21:52:31  n =   710,000  (  2106s,     177 n/s)  floor so far 0.02504 at n = 3239   eta ~32.8m
21:53:30  n =   720,000  (  2165s,     170 n/s)  floor so far 0.02504 at n = 3239   eta ~31.9m
21:54:29  n =   730,000  (  2224s,     168 n/s)  floor so far 0.02504 at n = 3239   eta ~30.9m
21:55:32  n =   740,000  (  2287s,     159 n/s)  floor so far 0.02504 at n = 3239   eta ~30.0m
21:56:31  n =   750,000  (  2346s,     169 n/s)  floor so far 0.02504 at n = 3239   eta ~29.0m
21:57:32  n =   760,000  (  2407s,     166 n/s)  floor so far 0.02504 at n = 3239   eta ~28.0m
21:58:35  n =   770,000  (  2470s,     158 n/s)  floor so far 0.02504 at n = 3239   eta ~27.0m
21:59:39  n =   780,000  (  2534s,     156 n/s)  floor so far 0.02504 at n = 3239   eta ~25.9m
22:00:41  n =   790,000  (  2596s,     162 n/s)  floor so far 0.02504 at n = 3239   eta ~24.9m
22:01:47  n =   800,000  (  2661s,     153 n/s)  floor so far 0.02504 at n = 3239   eta ~23.8m
22:01:47  --- through 800,000: block floor 0.04546 at n = 799595; global floor 0.02504 at n = 3239 (mod 12 = 11); 0 below 0.02 ---
22:02:51  n =   810,000  (  2726s,     155 n/s)  floor so far 0.02504 at n = 3239   eta ~22.8m
22:03:54  n =   820,000  (  2789s,     158 n/s)  floor so far 0.02504 at n = 3239   eta ~21.7m
22:04:58  n =   830,000  (  2853s,     156 n/s)  floor so far 0.02504 at n = 3239   eta ~20.5m
22:06:03  n =   840,000  (  2918s,     154 n/s)  floor so far 0.02504 at n = 3239   eta ~19.4m
22:07:09  n =   850,000  (  2984s,     153 n/s)  floor so far 0.02504 at n = 3239   eta ~18.3m
22:08:15  n =   860,000  (  3050s,     150 n/s)  floor so far 0.02504 at n = 3239   eta ~17.1m
22:09:23  n =   870,000  (  3118s,     148 n/s)  floor so far 0.02504 at n = 3239   eta ~16.0m
22:10:31  n =   880,000  (  3186s,     146 n/s)  floor so far 0.02504 at n = 3239   eta ~14.8m
22:11:40  n =   890,000  (  3255s,     145 n/s)  floor so far 0.02504 at n = 3239   eta ~13.7m
22:12:51  n =   900,000  (  3326s,     141 n/s)  floor so far 0.02504 at n = 3239   eta ~12.5m
22:12:51  --- through 900,000: block floor 0.04546 at n = 812567; global floor 0.02504 at n = 3239 (mod 12 = 11); 0 below 0.02 ---
22:14:02  n =   910,000  (  3397s,     142 n/s)  floor so far 0.02504 at n = 3239   eta ~11.3m
22:15:13  n =   920,000  (  3468s,     141 n/s)  floor so far 0.02504 at n = 3239   eta ~10.1m
22:16:26  n =   930,000  (  3541s,     137 n/s)  floor so far 0.02504 at n = 3239   eta ~8.9m
22:17:39  n =   940,000  (  3614s,     137 n/s)  floor so far 0.02504 at n = 3239   eta ~7.6m
22:18:53  n =   950,000  (  3688s,     135 n/s)  floor so far 0.02504 at n = 3239   eta ~6.4m
22:20:07  n =   960,000  (  3762s,     135 n/s)  floor so far 0.02504 at n = 3239   eta ~5.1m
22:21:20  n =   970,000  (  3835s,     137 n/s)  floor so far 0.02504 at n = 3239   eta ~3.9m
22:22:34  n =   980,000  (  3909s,     136 n/s)  floor so far 0.02504 at n = 3239   eta ~2.6m
22:23:50  n =   990,000  (  3985s,     131 n/s)  floor so far 0.02504 at n = 3239   eta ~1.3m
22:25:07  n = 1,000,000  (  4062s,     130 n/s)  floor so far 0.02504 at n = 3239   eta ~0.0m
22:25:07  --- through 1,000,000: block floor 0.04546 at n = 925751; global floor 0.02504 at n = 3239 (mod 12 = 11); 0 below 0.02 ---
22:25:07  scan complete in 4062s

 n mod 12       cap  min delta/cap     at n   # below 0.02
        0   0.25000          0.448     1068              0
        1   0.11111          0.716     5917              0
        2   0.13397          0.438     1802              0
        3   0.08579          0.585     3243              0
        4   0.25000          0.327      688              0
        5   0.07180          0.593     2465              0
        6   0.25000          0.435      138              0
        7   0.08579          0.581     8587              0
        8   0.13397          0.487     1952              0
        9   0.11111          0.594      345              0
       10   0.25000          0.442      754              0
       11   0.05051          0.496     3239              0

GLOBAL FLOOR over composite non-prime-power n <= 1,000,000: delta >= 0.02504, attained at n = 3239 (n mod 12 = 11)
values with delta < 0.02: 0  -- the section 5 conjecture holds throughout this range

values below the asymptotic bound 0.050510 = 5/2 - sqrt(6): 48729
  NOT counterexamples.  This script searches three families over a window,
  so it computes a LOWER BOUND on delta(n); the true value comes from
  mu_enumerate.py and is often larger -- where both are known it agrees
  exactly at 1700 of 1848 values and is otherwise low by up to a factor of
  2, the fused-plus-foreign family not being modelled here.  So this is a
  worklist: computing B(n) at these n would tighten the global floor of
  arithmetic-of-density.md section 5.  Written to ladder_weak.txt.
  first 15: 575(0.04181), 851(0.04235), 935(0.03649), 1127(0.04634), 1175(0.03919), 1235(0.04521), 1247(0.0464), 1271(0.04874), 1295(0.04695), 1547(0.0502), 1595(0.05036), 1643(0.04746), 1679(0.04545), 1739(0.04236), 1763(0.0471)
