17:22:50  stage 1: 517 raw -> 57 kept (40 Oliver, 17 p-groups)
17:22:50  stage 2: 5/57 groups, 8 classes
17:22:50  stage 2: 10/57 groups, 16 classes
17:22:50  stage 2: 15/57 groups, 26 classes
17:22:50  stage 2: 20/57 groups, 36 classes
17:22:51  stage 2: 25/57 groups, 44 classes
17:22:51  stage 2: 30/57 groups, 92 classes
17:22:51  stage 2: 35/57 groups, 174 classes
17:22:51  stage 2: 40/57 groups, 218 classes
17:22:51  stage 2: 45/57 groups, 394 classes
17:22:52  stage 2: 50/57 groups, 394 classes
17:22:52  stage 2: 55/57 groups, 428 classes
17:22:52  stage 2: 57/57 groups, 428 classes
17:22:52  stage 2 complete: 428 classes
17:24:35  stage 3: row 3/428
17:25:46  stage 3: row 6/428
17:25:48  stage 3: row 9/428
17:26:24  stage 3: row 12/428
17:27:01  stage 3: row 15/428
17:28:12  stage 3: row 18/428
17:29:16  stage 3: row 21/428
17:30:24  stage 3: row 24/428
17:32:52  stage 3: row 27/428
17:35:23  stage 3: row 30/428
17:37:13  stage 3: row 33/428
17:41:06  stage 3: row 36/428
17:42:39  stage 3: row 39/428
17:44:50  stage 3: row 42/428
17:46:31  stage 3: row 45/428
17:46:34  stage 3: row 48/428
17:58:20  stage 3: row 51/428
18:02:46  stage 3: row 54/428
18:03:39  stage 3: row 57/428
18:04:08  stage 3: row 60/428
18:04:35  stage 3: row 63/428
18:07:11  stage 3: row 66/428
18:08:13  stage 3: row 69/428
18:10:11  stage 3: row 72/428
18:10:30  stage 3: row 75/428
18:11:19  stage 3: row 78/428
18:14:48  stage 3: row 81/428
18:41:47  stage 3: row 84/428
18:41:48  stage 3: row 87/428
18:48:06  stage 3: row 90/428
18:48:19  stage 3: row 93/428
18:48:22  stage 3: row 96/428
18:48:24  stage 3: row 99/428
18:52:30  stage 3: row 102/428
18:55:24  stage 3: row 105/428
18:56:31  stage 3: row 108/428
18:56:59  stage 3: row 111/428
18:58:15  stage 3: row 114/428
18:59:06  stage 3: row 117/428
18:59:17  stage 3: row 120/428
19:00:09  stage 3: row 123/428
19:06:02  stage 3: row 126/428
19:07:50  stage 3: row 129/428
19:08:40  stage 3: row 132/428
19:10:09  stage 3: row 135/428
19:10:39  stage 3: row 138/428
19:10:43  stage 3: row 141/428
19:11:55  stage 3: row 144/428
19:13:00  stage 3: row 147/428
19:16:21  stage 3: row 150/428
19:17:02  stage 3: row 153/428
19:17:45  stage 3: row 156/428
19:18:47  stage 3: row 159/428
19:19:31  stage 3: row 162/428
19:20:02  stage 3: row 165/428
19:20:18  stage 3: row 168/428
19:21:28  stage 3: row 171/428
19:23:13  stage 3: row 174/428
19:23:42  stage 3: row 177/428
19:24:29  stage 3: row 180/428
19:25:53  stage 3: row 183/428
19:27:13  stage 3: row 186/428
19:27:43  stage 3: row 189/428
19:27:49  stage 3: row 192/428
19:28:51  stage 3: row 195/428
19:29:05  stage 3: row 198/428
19:29:57  stage 3: row 201/428
19:31:24  stage 3: row 204/428
19:32:20  stage 3: row 207/428
19:33:03  stage 3: row 210/428
19:33:10  stage 3: row 213/428
19:33:29  stage 3: row 216/428
19:34:03  stage 3: row 219/428
19:34:19  stage 3: row 222/428
19:34:25  stage 3: row 225/428
19:34:27  stage 3: row 228/428
19:34:39  stage 3: row 231/428
19:34:55  stage 3: row 234/428
19:35:33  stage 3: row 237/428
19:35:56  stage 3: row 240/428
19:35:57  stage 3: row 243/428
19:36:10  stage 3: row 246/428
19:36:58  stage 3: row 249/428
19:37:30  stage 3: row 252/428
19:37:52  stage 3: row 255/428
19:39:35  stage 3: row 258/428
19:41:21  stage 3: row 261/428
19:41:24  stage 3: row 264/428
19:43:57  stage 3: row 267/428
19:44:27  stage 3: row 270/428
19:45:37  stage 3: row 273/428
19:47:42  stage 3: row 276/428
19:49:24  stage 3: row 279/428
19:50:20  stage 3: row 282/428
19:50:51  stage 3: row 285/428
19:51:17  stage 3: row 288/428
19:51:21  stage 3: row 291/428
19:51:29  stage 3: row 294/428
19:52:30  stage 3: row 297/428
19:53:57  stage 3: row 300/428
19:54:44  stage 3: row 303/428
19:55:17  stage 3: row 306/428
19:55:34  stage 3: row 309/428
19:56:50  stage 3: row 312/428
19:57:30  stage 3: row 315/428
19:58:38  stage 3: row 318/428
20:01:23  stage 3: row 321/428
20:03:04  stage 3: row 324/428
20:04:16  stage 3: row 327/428
20:04:26  stage 3: row 330/428
20:04:27  stage 3: row 333/428
20:05:33  stage 3: row 336/428
20:06:02  stage 3: row 339/428
20:07:37  stage 3: row 342/428
20:08:56  stage 3: row 345/428
20:09:14  stage 3: row 348/428
20:09:50  stage 3: row 351/428
20:11:02  stage 3: row 354/428
20:12:04  stage 3: row 357/428
20:13:13  stage 3: row 360/428
20:14:49  stage 3: row 363/428
20:15:41  stage 3: row 366/428
20:16:13  stage 3: row 369/428
20:16:53  stage 3: row 372/428
20:17:27  stage 3: row 375/428
20:17:45  stage 3: row 378/428
20:19:09  stage 3: row 381/428
20:20:04  stage 3: row 384/428
20:21:42  stage 3: row 387/428
20:23:17  stage 3: row 390/428
20:24:25  stage 3: row 393/428
20:26:07  stage 3: row 396/428
20:29:33  stage 3: row 399/428
20:31:47  stage 3: row 402/428
20:32:14  stage 3: row 405/428
20:33:29  stage 3: row 408/428
20:37:27  stage 3: row 411/428
20:38:55  stage 3: row 414/428
20:39:39  stage 3: row 417/428
20:41:39  stage 3: row 420/428
20:43:59  stage 3: row 423/428
20:46:05  stage 3: row 426/428
20:47:10  stage 3: row 428/428
20:47:10  stage 3 complete
22:16:47  stage 1: 756 raw -> 75 kept (40 Oliver, 35 p-groups)
22:16:47  stage 2: resumed at group 57, catalog 428 classes
22:16:47  stage 2: 60/75 groups, 428 classes
22:16:47  stage 2: 65/75 groups, 594 classes
22:16:49  stage 2: 70/75 groups, 854 classes
22:16:50  stage 2: 75/75 groups, 992 classes
22:16:50  stage 2 complete: 992 classes
22:16:50  stage 3: resumed at row 428
23:08:06  stage 1: SELECTION CHANGED -> rebuilding all downstream checkpoints
23:08:06  stage 1: 756 raw -> 75 kept (40 Oliver, 35 p-groups)  sig=bb3e19041dcaa0fc
23:08:06  stage 2: 5/75 groups, 8 classes
23:08:06  stage 2: 10/75 groups, 16 classes
23:08:06  stage 2: 15/75 groups, 26 classes
23:08:06  stage 2: 20/75 groups, 36 classes
23:08:06  stage 2: 25/75 groups, 44 classes
23:08:06  stage 2: 30/75 groups, 92 classes
23:08:06  stage 2: 35/75 groups, 174 classes
23:08:06  stage 2: 40/75 groups, 218 classes
23:08:07  stage 2: 45/75 groups, 568 classes
23:08:08  stage 2: 50/75 groups, 658 classes
23:08:08  stage 2: 55/75 groups, 658 classes
23:08:09  stage 2: 60/75 groups, 658 classes
23:08:09  stage 2: 65/75 groups, 844 classes
23:08:11  stage 2: 70/75 groups, 1104 classes
23:08:12  stage 2: 75/75 groups, 1242 classes
23:08:12  stage 2 complete: 1242 classes
23:09:02  stage 3: 8/1242 rows (eta 7630s)
23:11:18  stage 3: 16/1242 rows (eta 14227s)
23:12:25  stage 3: 24/1242 rows (eta 12806s)
23:14:45  stage 3: 32/1242 rows (eta 14842s)
23:17:43  stage 3: 40/1242 rows (eta 17135s)
23:19:52  stage 3: 48/1242 rows (eta 17410s)
23:22:08  stage 3: 56/1242 rows (eta 17697s)
23:24:55  stage 3: 64/1242 rows (eta 18456s)
23:27:48  stage 3: 72/1242 rows (eta 19108s)
23:30:03  stage 3: 80/1242 rows (eta 19041s)
23:33:32  stage 3: 88/1242 rows (eta 19933s)
23:41:06  stage 3: 96/1242 rows (eta 23561s)
23:44:08  stage 3: 104/1242 rows (eta 23588s)
23:48:47  stage 3: 112/1242 rows (eta 24558s)
23:51:30  stage 3: 120/1242 rows (eta 24291s)
23:56:27  stage 3: 128/1242 rows (eta 25191s)
23:58:22  stage 3: 136/1242 rows (eta 24471s)
00:05:43  stage 3: 144/1242 rows (eta 26309s)
00:08:41  stage 3: 152/1242 rows (eta 26022s)
00:11:31  stage 3: 160/1242 rows (eta 25691s)
00:13:44  stage 3: 168/1242 rows (eta 25136s)
00:16:11  stage 3: 176/1242 rows (eta 24701s)
00:18:44  stage 3: 184/1242 rows (eta 24329s)
00:20:43  stage 3: 192/1242 rows (eta 23792s)
00:22:52  stage 3: 200/1242 rows (eta 23337s)
00:24:53  stage 3: 208/1242 rows (eta 22868s)
00:26:10  stage 3: 216/1242 rows (eta 22217s)
00:27:50  stage 3: 224/1242 rows (eta 21713s)
00:29:54  stage 3: 232/1242 rows (eta 21338s)
00:34:45  stage 3: 240/1242 rows (eta 21679s)
00:37:41  stage 3: 248/1242 rows (eta 21516s)
00:38:36  stage 3: 256/1242 rows (eta 20888s)
00:38:53  stage 3: 264/1242 rows (eta 20154s)
00:39:58  stage 3: 272/1242 rows (eta 19632s)
00:41:15  stage 3: 280/1242 rows (eta 19180s)
00:42:29  stage 3: 288/1242 rows (eta 18736s)
00:43:07  stage 3: 296/1242 rows (eta 18198s)
00:44:15  stage 3: 304/1242 rows (eta 17781s)
00:45:05  stage 3: 312/1242 rows (eta 17325s)
00:47:41  stage 3: 320/1242 rows (eta 17198s)
00:48:25  stage 3: 328/1242 rows (eta 16755s)
00:52:17  stage 3: 336/1242 rows (eta 16838s)
00:55:29  stage 3: 344/1242 rows (eta 16803s)
00:56:33  stage 3: 352/1242 rows (eta 16437s)
01:00:30  stage 3: 360/1242 rows (eta 16507s)
01:01:34  stage 3: 368/1242 rows (eta 16153s)
01:03:29  stage 3: 376/1242 rows (eta 15929s)
01:05:40  stage 3: 384/1242 rows (eta 15747s)
01:10:54  stage 3: 392/1242 rows (eta 15963s)
01:13:23  stage 3: 400/1242 rows (eta 15810s)
01:15:45  stage 3: 408/1242 rows (eta 15642s)
01:16:55  stage 3: 416/1242 rows (eta 15335s)
01:17:55  stage 3: 424/1242 rows (eta 15015s)
01:19:07  stage 3: 432/1242 rows (eta 14727s)
01:21:48  stage 3: 440/1242 rows (eta 14610s)
01:23:13  stage 3: 448/1242 rows (eta 14356s)
01:24:56  stage 3: 456/1242 rows (eta 14141s)
01:26:22  stage 3: 464/1242 rows (eta 13900s)
01:28:34  stage 3: 472/1242 rows (eta 13739s)
01:32:32  stage 3: 480/1242 rows (eta 13747s)
01:33:53  stage 3: 488/1242 rows (eta 13505s)
01:35:49  stage 3: 496/1242 rows (eta 13321s)
01:36:30  stage 3: 504/1242 rows (eta 13028s)
01:37:55  stage 3: 512/1242 rows (eta 12807s)
01:39:10  stage 3: 520/1242 rows (eta 12576s)
01:40:17  stage 3: 528/1242 rows (eta 12339s)
01:41:59  stage 3: 536/1242 rows (eta 12153s)
01:42:53  stage 3: 544/1242 rows (eta 11907s)
01:44:01  stage 3: 552/1242 rows (eta 11685s)
01:46:21  stage 3: 560/1242 rows (eta 11556s)
01:47:40  stage 3: 568/1242 rows (eta 11354s)
01:49:23  stage 3: 576/1242 rows (eta 11182s)
01:52:35  stage 3: 584/1242 rows (eta 11112s)
01:54:57  stage 3: 592/1242 rows (eta 10984s)
01:58:01  stage 3: 600/1242 rows (eta 10902s)
01:59:15  stage 3: 608/1242 rows (eta 10701s)
02:00:26  stage 3: 616/1242 rows (eta 10501s)
02:01:51  stage 3: 624/1242 rows (eta 10318s)
02:04:08  stage 3: 632/1242 rows (eta 10188s)
02:05:48  stage 3: 640/1242 rows (eta 10023s)
02:08:05  stage 3: 648/1242 rows (eta 9893s)
02:09:46  stage 3: 656/1242 rows (eta 9731s)
02:14:41  stage 3: 664/1242 rows (eta 9739s)
02:17:38  stage 3: 672/1242 rows (eta 9641s)
02:19:19  stage 3: 680/1242 rows (eta 9477s)
02:21:00  stage 3: 688/1242 rows (eta 9315s)
02:22:41  stage 3: 696/1242 rows (eta 9154s)
02:23:50  stage 3: 704/1242 rows (eta 8970s)
02:26:02  stage 3: 712/1242 rows (eta 8836s)
02:29:08  stage 3: 720/1242 rows (eta 8740s)
02:30:01  stage 3: 728/1242 rows (eta 8549s)
02:31:14  stage 3: 736/1242 rows (eta 8375s)
02:32:45  stage 3: 744/1242 rows (eta 8215s)
02:35:19  stage 3: 752/1242 rows (eta 8097s)
02:37:19  stage 3: 760/1242 rows (eta 7957s)
02:41:03  stage 3: 768/1242 rows (eta 7882s)
02:43:11  stage 3: 776/1242 rows (eta 7746s)
02:45:08  stage 3: 784/1242 rows (eta 7603s)
02:46:18  stage 3: 792/1242 rows (eta 7435s)
02:49:03  stage 3: 800/1242 rows (eta 7321s)
02:54:03  stage 3: 808/1242 rows (eta 7279s)
02:57:34  stage 3: 816/1242 rows (eta 7184s)
03:02:13  stage 3: 824/1242 rows (eta 7122s)
03:04:34  stage 3: 832/1242 rows (eta 6988s)
03:06:21  stage 3: 840/1242 rows (eta 6838s)
03:07:19  stage 3: 848/1242 rows (eta 6666s)
03:10:46  stage 3: 856/1242 rows (eta 6562s)
03:13:08  stage 3: 864/1242 rows (eta 6429s)
03:15:03  stage 3: 872/1242 rows (eta 6284s)
03:16:56  stage 3: 880/1242 rows (eta 6139s)
03:19:06  stage 3: 888/1242 rows (eta 6001s)
03:23:01  stage 3: 896/1242 rows (eta 5904s)
03:26:52  stage 3: 904/1242 rows (eta 5803s)
03:30:58  stage 3: 912/1242 rows (eta 5705s)
03:34:27  stage 3: 920/1242 rows (eta 5591s)
03:36:31  stage 3: 928/1242 rows (eta 5447s)
03:42:37  stage 3: 936/1242 rows (eta 5383s)
03:46:13  stage 3: 944/1242 rows (eta 5266s)
03:49:41  stage 3: 952/1242 rows (eta 5144s)
03:51:15  stage 3: 960/1242 rows (eta 4989s)
03:54:54  stage 3: 968/1242 rows (eta 4869s)
04:00:27  stage 3: 976/1242 rows (eta 4779s)
04:03:30  stage 3: 984/1242 rows (eta 4645s)
04:06:48  stage 3: 992/1242 rows (eta 4515s)
04:08:14  stage 3: 1000/1242 rows (eta 4356s)
04:12:49  stage 3: 1008/1242 rows (eta 4243s)
04:16:36  stage 3: 1016/1242 rows (eta 4116s)
04:20:01  stage 3: 1024/1242 rows (eta 3983s)
04:22:59  stage 3: 1032/1242 rows (eta 3843s)
04:27:11  stage 3: 1040/1242 rows (eta 3717s)
04:28:52  stage 3: 1048/1242 rows (eta 3561s)
04:35:06  stage 3: 1056/1242 rows (eta 3455s)
04:37:41  stage 3: 1064/1242 rows (eta 3307s)
04:40:10  stage 3: 1072/1242 rows (eta 3159s)
04:42:54  stage 3: 1080/1242 rows (eta 3012s)
04:45:53  stage 3: 1088/1242 rows (eta 2868s)
04:49:19  stage 3: 1096/1242 rows (eta 2726s)
04:53:10  stage 3: 1104/1242 rows (eta 2587s)
04:56:18  stage 3: 1112/1242 rows (eta 2442s)
05:00:32  stage 3: 1120/1242 rows (eta 2303s)
05:03:06  stage 3: 1128/1242 rows (eta 2152s)
05:06:56  stage 3: 1136/1242 rows (eta 2008s)
05:10:44  stage 3: 1144/1242 rows (eta 1863s)
05:16:38  stage 3: 1152/1242 rows (eta 1727s)
05:18:28  stage 3: 1160/1242 rows (eta 1570s)
05:20:29  stage 3: 1168/1242 rows (eta 1415s)
05:23:46  stage 3: 1176/1242 rows (eta 1265s)
05:25:07  stage 3: 1184/1242 rows (eta 1108s)
05:26:39  stage 3: 1192/1242 rows (eta 952s)
05:28:41  stage 3: 1200/1242 rows (eta 799s)
05:31:13  stage 3: 1208/1242 rows (eta 647s)
05:32:44  stage 3: 1216/1242 rows (eta 493s)
05:34:09  stage 3: 1224/1242 rows (eta 341s)
05:36:05  stage 3: 1232/1242 rows (eta 189s)
05:37:35  stage 3: 1240/1242 rows (eta 38s)
05:38:14  stage 3: 1242/1242 rows (eta 0s)
05:38:14  stage 3 complete
05:38:14  now run:  python3 stage4_fast.py --first
22:20:04  detected n = 10 (45 pairs)
22:20:04  stage 1: checkpoint matches selection (75 groups)
22:20:04  stage 2: resumed at group 75, catalog 1242 classes
22:20:04  stage 2 complete: 1242 classes
22:20:05  stage 3: seeds -- 58687 free containments; 1105476 invariant/size exclusions
22:20:05  stage 3: complete checkpoint found
22:20:05  stage 3 complete
22:20:05  now run:  python3 stage4_fast.py --first
