16:02:08  detected n = 12 (66 pairs)
16:02:08  stage 1: 2293 raw -> 59 kept (40 Oliver, 19 p-groups)  sig=b7c92a91b0e0f7d7
16:02:08  stage 2: 5/59 groups, 12 classes
16:02:08  stage 2: 10/59 groups, 32 classes
16:02:08  stage 2: 15/59 groups, 50 classes
16:02:09  stage 2: 20/59 groups, 60 classes
16:02:09  stage 2: 25/59 groups, 72 classes
16:02:09  stage 2: 30/59 groups, 88 classes
16:02:12  stage 2: 35/59 groups, 120 classes
16:02:15  stage 2: 40/59 groups, 130 classes
16:02:20  stage 2: 45/59 groups, 318 classes
16:02:21  stage 2: 50/59 groups, 402 classes
16:02:23  stage 2: 55/59 groups, 510 classes
16:02:24  stage 2: 59/59 groups, 600 classes
16:02:24  stage 2 complete: 600 classes
16:41:18  stage 3: 8/600 rows (eta 172719s)
23:06:37  detected n = 12 (66 pairs)
23:06:37  stage 1: checkpoint matches selection (59 groups)
23:06:37  stage 2: resumed at group 59, catalog 600 classes
23:06:37  stage 2 complete: 600 classes
23:06:37  stage 3: seeds -- 13243 free containments; 255796 invariant/size exclusions
23:06:37  stage 3: after inference, 74213 of 359400 ordered pairs need VF2 (20.6%)
23:58:27  stage 3: 128 VF2 calls done, 71024 pairs left (3110s)
00:18:39  stage 3: 256 VF2 calls done, 69605 pairs left (4321s)
00:58:42  stage 3: 384 VF2 calls done, 67930 pairs left (6725s)
01:28:29  stage 3: 512 VF2 calls done, 66409 pairs left (8512s)
01:38:23  stage 3: 640 VF2 calls done, 65540 pairs left (9106s)
01:40:33  stage 3: 768 VF2 calls done, 63874 pairs left (9236s)
12:57:28  detected n = 12 (66 pairs)
12:57:28  stage 1: checkpoint matches selection (59 groups)
12:57:28  stage 2: resumed at group 59, catalog 600 classes
12:57:28  stage 2 complete: 600 classes
12:57:28  stage 3: seeds -- 13243 free containments; 255796 invariant/size exclusions
12:57:28  stage 3: resumed inference checkpoint
12:57:29  stage 3: after inference, 63874 of 359400 ordered pairs need VF2 (17.8%)
14:42:03  stage 3: 128 VF2 calls done, 62663 pairs left (6274s)
15:33:08  stage 3: 256 VF2 calls done, 62224 pairs left (9340s)
15:38:59  stage 3: 384 VF2 calls done, 61862 pairs left (9691s)
15:44:04  stage 3: 512 VF2 calls done, 61376 pairs left (9995s)
15:45:04  stage 3: 640 VF2 calls done, 61008 pairs left (10056s)
15:48:51  stage 3: 768 VF2 calls done, 60718 pairs left (10283s)
15:59:26  stage 3: 896 VF2 calls done, 60461 pairs left (10918s)
16:07:04  stage 3: 1024 VF2 calls done, 60224 pairs left (11376s)
19:57:51  detected n = 12 (66 pairs)
19:57:51  stage 1: checkpoint matches selection (59 groups)
19:57:51  stage 2: resumed at group 59, catalog 600 classes
19:57:51  stage 2 complete: 600 classes
19:57:52  stage 3: seeds -- 13243 free containments; 255796 invariant/size exclusions
19:57:52  stage 3: resumed inference checkpoint
19:57:52  stage 3: after inference, 60224 of 359400 ordered pairs need VF2 (16.8%)
21:54:24  stage 3: 128 VF2 calls done, 60082 pairs left (6992s)
22:22:41  stage 3: 256 VF2 calls done, 58898 pairs left (8689s)
22:34:22  stage 3: 384 VF2 calls done, 58152 pairs left (9390s)
17:33:11  detected n = 12 (66 pairs)
17:33:12  stage 1: dedup by pynauty canonical orbital partition; 2063 groups impose a condition already present, 230 distinct (partition, prime) conditions
17:33:12  stage 1: SELECTION CHANGED -> rebuilding all downstream checkpoints
17:33:12    (old checkpoint predates flag recording; rebuild is expected once)
17:33:12  stage 1: 2293 raw -> 227 kept (200 Oliver, 27 p-groups)  sig=c63bb8a8d146d46c
17:33:12  stage 2: 5/227 groups, 12 classes
17:33:12  stage 2: 10/227 groups, 32 classes
17:33:12  stage 2: 15/227 groups, 50 classes
17:33:12  stage 2: 20/227 groups, 60 classes
17:33:12  stage 2: 25/227 groups, 70 classes
17:33:12  stage 2: 30/227 groups, 86 classes
17:33:13  stage 2: 35/227 groups, 88 classes
17:33:16  stage 2: 40/227 groups, 120 classes
17:33:18  stage 2: 45/227 groups, 126 classes
17:33:23  stage 2: 50/227 groups, 174 classes
17:33:26  stage 2: 55/227 groups, 226 classes
17:33:26  stage 2: 60/227 groups, 258 classes
17:33:27  stage 2: 65/227 groups, 282 classes
17:33:30  stage 2: 70/227 groups, 282 classes
17:33:30  stage 2: 75/227 groups, 298 classes
17:33:30  stage 2: 80/227 groups, 324 classes
17:33:30  stage 2: 85/227 groups, 380 classes
17:33:30  stage 2: 90/227 groups, 444 classes
17:33:30  stage 2: 95/227 groups, 576 classes
17:33:31  stage 2: 100/227 groups, 618 classes
17:33:31  stage 2: 105/227 groups, 690 classes
17:33:33  stage 2: 110/227 groups, 754 classes
17:33:33  stage 2: 115/227 groups, 754 classes
17:33:33  stage 2: 120/227 groups, 768 classes
17:33:33  stage 2: 125/227 groups, 800 classes
17:33:34  stage 2: 130/227 groups, 808 classes
17:33:34  stage 2: 135/227 groups, 888 classes
17:33:35  stage 2: 140/227 groups, 944 classes
17:33:36  stage 2: 145/227 groups, 990 classes
17:33:37  stage 2: 150/227 groups, 1022 classes
17:33:37  stage 2: 155/227 groups, 1064 classes
17:33:37  stage 2: 160/227 groups, 1162 classes
17:33:37  stage 2: 165/227 groups, 1174 classes
17:33:37  stage 2: 170/227 groups, 1320 classes
17:33:37  stage 2: 175/227 groups, 1350 classes
17:33:38  stage 2: 180/227 groups, 1414 classes
17:33:39  stage 2: 185/227 groups, 1678 classes
17:33:39  stage 2: 190/227 groups, 1842 classes
17:33:39  stage 2: 195/227 groups, 1878 classes
17:33:40  stage 2: 200/227 groups, 1926 classes
17:33:46  stage 2: 205/227 groups, 1972 classes
17:33:46  stage 2: 210/227 groups, 1972 classes
17:33:47  stage 2: 215/227 groups, 1972 classes
17:33:49  stage 2: 220/227 groups, 2080 classes
17:33:52  stage 2: 225/227 groups, 2198 classes
17:33:53  stage 2: 227/227 groups, 2212 classes
17:33:53  stage 2 complete: 2212 classes
17:33:55  stage 3: seeds -- 62104 free containments; 3611205 invariant/size exclusions
17:33:56  stage 3: after inference, 1018719 of 4890732 ordered pairs need VF2 (20.8%)
